<!doctype html public "-//w3c//dtd html 4.0 transitional//en">
<html><head>
<title>Static Call Graph - [.\Objects\Project.axf]</title></head>
<body><HR>
<H1>Static Call Graph for image .\Objects\Project.axf</H1><HR>
<BR><P>#&#060CALLGRAPH&#062# ARM Linker, 6220000: Last Updated: Wed Apr  2 07:22:03 2025
<BR><P>
<H3>Maximum Stack Usage =         28 bytes + Unknown(Cycles, Untraceable Function Pointers)</H3><H3>
Call chain for Maximum Stack Depth:</H3>
main
<P>
<H3>
Mutually Recursive functions
</H3> <LI><a href="#[1]">NMI_Handler</a>&nbsp;&nbsp;&nbsp;&rArr;&nbsp;&nbsp;&nbsp;<a href="#[1]">NMI_Handler</a><BR>
 <LI><a href="#[2]">HardFault_Handler</a>&nbsp;&nbsp;&nbsp;&rArr;&nbsp;&nbsp;&nbsp;<a href="#[2]">HardFault_Handler</a><BR>
 <LI><a href="#[3]">SVC_Handler</a>&nbsp;&nbsp;&nbsp;&rArr;&nbsp;&nbsp;&nbsp;<a href="#[3]">SVC_Handler</a><BR>
 <LI><a href="#[4]">PendSV_Handler</a>&nbsp;&nbsp;&nbsp;&rArr;&nbsp;&nbsp;&nbsp;<a href="#[4]">PendSV_Handler</a><BR>
 <LI><a href="#[5]">SysTick_Handler</a>&nbsp;&nbsp;&nbsp;&rArr;&nbsp;&nbsp;&nbsp;<a href="#[5]">SysTick_Handler</a><BR>
 <LI><a href="#[10]">ADC1_IRQHandler</a>&nbsp;&nbsp;&nbsp;&rArr;&nbsp;&nbsp;&nbsp;<a href="#[10]">ADC1_IRQHandler</a><BR>
</UL>
<P>
<H3>
Function Pointers
</H3><UL>
 <LI><a href="#[10]">ADC1_IRQHandler</a> from startup_stm32f030x6.o(.text) referenced from startup_stm32f030x6.o(RESET)
 <LI><a href="#[d]">DMA1_Channel1_IRQHandler</a> from startup_stm32f030x6.o(.text) referenced from startup_stm32f030x6.o(RESET)
 <LI><a href="#[e]">DMA1_Channel2_3_IRQHandler</a> from startup_stm32f030x6.o(.text) referenced from startup_stm32f030x6.o(RESET)
 <LI><a href="#[f]">DMA1_Channel4_5_IRQHandler</a> from startup_stm32f030x6.o(.text) referenced from startup_stm32f030x6.o(RESET)
 <LI><a href="#[a]">EXTI0_1_IRQHandler</a> from startup_stm32f030x6.o(.text) referenced from startup_stm32f030x6.o(RESET)
 <LI><a href="#[b]">EXTI2_3_IRQHandler</a> from startup_stm32f030x6.o(.text) referenced from startup_stm32f030x6.o(RESET)
 <LI><a href="#[c]">EXTI4_15_IRQHandler</a> from startup_stm32f030x6.o(.text) referenced from startup_stm32f030x6.o(RESET)
 <LI><a href="#[8]">FLASH_IRQHandler</a> from startup_stm32f030x6.o(.text) referenced from startup_stm32f030x6.o(RESET)
 <LI><a href="#[2]">HardFault_Handler</a> from startup_stm32f030x6.o(.text) referenced from startup_stm32f030x6.o(RESET)
 <LI><a href="#[17]">I2C1_IRQHandler</a> from startup_stm32f030x6.o(.text) referenced from startup_stm32f030x6.o(RESET)
 <LI><a href="#[1]">NMI_Handler</a> from startup_stm32f030x6.o(.text) referenced from startup_stm32f030x6.o(RESET)
 <LI><a href="#[4]">PendSV_Handler</a> from startup_stm32f030x6.o(.text) referenced from startup_stm32f030x6.o(RESET)
 <LI><a href="#[9]">RCC_IRQHandler</a> from startup_stm32f030x6.o(.text) referenced from startup_stm32f030x6.o(RESET)
 <LI><a href="#[7]">RTC_IRQHandler</a> from startup_stm32f030x6.o(.text) referenced from startup_stm32f030x6.o(RESET)
 <LI><a href="#[0]">Reset_Handler</a> from startup_stm32f030x6.o(.text) referenced from startup_stm32f030x6.o(RESET)
 <LI><a href="#[18]">SPI1_IRQHandler</a> from startup_stm32f030x6.o(.text) referenced from startup_stm32f030x6.o(RESET)
 <LI><a href="#[3]">SVC_Handler</a> from startup_stm32f030x6.o(.text) referenced from startup_stm32f030x6.o(RESET)
 <LI><a href="#[5]">SysTick_Handler</a> from startup_stm32f030x6.o(.text) referenced from startup_stm32f030x6.o(RESET)
 <LI><a href="#[1b]">SystemInit</a> from lto-llvm-2f3efe.o(.text.SystemInit) referenced from startup_stm32f030x6.o(.text)
 <LI><a href="#[14]">TIM14_IRQHandler</a> from startup_stm32f030x6.o(.text) referenced from startup_stm32f030x6.o(RESET)
 <LI><a href="#[15]">TIM16_IRQHandler</a> from startup_stm32f030x6.o(.text) referenced from startup_stm32f030x6.o(RESET)
 <LI><a href="#[16]">TIM17_IRQHandler</a> from startup_stm32f030x6.o(.text) referenced from startup_stm32f030x6.o(RESET)
 <LI><a href="#[11]">TIM1_BRK_UP_TRG_COM_IRQHandler</a> from startup_stm32f030x6.o(.text) referenced from startup_stm32f030x6.o(RESET)
 <LI><a href="#[12]">TIM1_CC_IRQHandler</a> from startup_stm32f030x6.o(.text) referenced from startup_stm32f030x6.o(RESET)
 <LI><a href="#[13]">TIM3_IRQHandler</a> from startup_stm32f030x6.o(.text) referenced from startup_stm32f030x6.o(RESET)
 <LI><a href="#[19]">USART1_IRQHandler</a> from startup_stm32f030x6.o(.text) referenced from startup_stm32f030x6.o(RESET)
 <LI><a href="#[6]">WWDG_IRQHandler</a> from startup_stm32f030x6.o(.text) referenced from startup_stm32f030x6.o(RESET)
 <LI><a href="#[1c]">__main</a> from entry.o(.ARM.Collect$$$$00000000) referenced from startup_stm32f030x6.o(.text)
 <LI><a href="#[1a]">main</a> from lto-llvm-2f3efe.o(.text.main) referenced from entry9a.o(.ARM.Collect$$$$0000000B)
</UL>
<P>
<H3>
Global Symbols
</H3>
<P><STRONG><a name="[1c]"></a>__main</STRONG> (Thumb, 0 bytes, Stack size unknown bytes, entry.o(.ARM.Collect$$$$00000000))
<BR>[Address Reference Count : 1]<UL><LI> startup_stm32f030x6.o(.text)
</UL>
<P><STRONG><a name="[20]"></a>_main_stk</STRONG> (Thumb, 0 bytes, Stack size unknown bytes, entry2.o(.ARM.Collect$$$$00000001))

<P><STRONG><a name="[1d]"></a>_main_scatterload</STRONG> (Thumb, 0 bytes, Stack size unknown bytes, entry5.o(.ARM.Collect$$$$00000004))
<BR><BR>[Calls]<UL><LI><a href="#[1e]">&gt;&gt;</a>&nbsp;&nbsp;&nbsp;__scatterload
</UL>

<P><STRONG><a name="[1f]"></a>__main_after_scatterload</STRONG> (Thumb, 0 bytes, Stack size unknown bytes, entry5.o(.ARM.Collect$$$$00000004))
<BR><BR>[Called By]<UL><LI><a href="#[1e]">&gt;&gt;</a>&nbsp;&nbsp;&nbsp;__scatterload
</UL>

<P><STRONG><a name="[21]"></a>_main_clock</STRONG> (Thumb, 0 bytes, Stack size unknown bytes, entry7b.o(.ARM.Collect$$$$00000008))

<P><STRONG><a name="[22]"></a>_main_cpp_init</STRONG> (Thumb, 0 bytes, Stack size unknown bytes, entry8b.o(.ARM.Collect$$$$0000000A))

<P><STRONG><a name="[23]"></a>_main_init</STRONG> (Thumb, 0 bytes, Stack size unknown bytes, entry9a.o(.ARM.Collect$$$$0000000B))

<P><STRONG><a name="[24]"></a>__rt_final_cpp</STRONG> (Thumb, 0 bytes, Stack size unknown bytes, entry10a.o(.ARM.Collect$$$$0000000D))

<P><STRONG><a name="[25]"></a>__rt_final_exit</STRONG> (Thumb, 0 bytes, Stack size unknown bytes, entry11a.o(.ARM.Collect$$$$0000000F))

<P><STRONG><a name="[0]"></a>Reset_Handler</STRONG> (Thumb, 8 bytes, Stack size 0 bytes, startup_stm32f030x6.o(.text))
<BR>[Address Reference Count : 1]<UL><LI> startup_stm32f030x6.o(RESET)
</UL>
<P><STRONG><a name="[1]"></a>NMI_Handler</STRONG> (Thumb, 2 bytes, Stack size 0 bytes, startup_stm32f030x6.o(.text))
<BR><BR>[Calls]<UL><LI><a href="#[1]">&gt;&gt;</a>&nbsp;&nbsp;&nbsp;NMI_Handler
</UL>
<BR>[Called By]<UL><LI><a href="#[1]">&gt;&gt;</a>&nbsp;&nbsp;&nbsp;NMI_Handler
</UL>
<BR>[Address Reference Count : 1]<UL><LI> startup_stm32f030x6.o(RESET)
</UL>
<P><STRONG><a name="[2]"></a>HardFault_Handler</STRONG> (Thumb, 2 bytes, Stack size 0 bytes, startup_stm32f030x6.o(.text))
<BR><BR>[Calls]<UL><LI><a href="#[2]">&gt;&gt;</a>&nbsp;&nbsp;&nbsp;HardFault_Handler
</UL>
<BR>[Called By]<UL><LI><a href="#[2]">&gt;&gt;</a>&nbsp;&nbsp;&nbsp;HardFault_Handler
</UL>
<BR>[Address Reference Count : 1]<UL><LI> startup_stm32f030x6.o(RESET)
</UL>
<P><STRONG><a name="[3]"></a>SVC_Handler</STRONG> (Thumb, 2 bytes, Stack size 0 bytes, startup_stm32f030x6.o(.text))
<BR><BR>[Calls]<UL><LI><a href="#[3]">&gt;&gt;</a>&nbsp;&nbsp;&nbsp;SVC_Handler
</UL>
<BR>[Called By]<UL><LI><a href="#[3]">&gt;&gt;</a>&nbsp;&nbsp;&nbsp;SVC_Handler
</UL>
<BR>[Address Reference Count : 1]<UL><LI> startup_stm32f030x6.o(RESET)
</UL>
<P><STRONG><a name="[4]"></a>PendSV_Handler</STRONG> (Thumb, 2 bytes, Stack size 0 bytes, startup_stm32f030x6.o(.text))
<BR><BR>[Calls]<UL><LI><a href="#[4]">&gt;&gt;</a>&nbsp;&nbsp;&nbsp;PendSV_Handler
</UL>
<BR>[Called By]<UL><LI><a href="#[4]">&gt;&gt;</a>&nbsp;&nbsp;&nbsp;PendSV_Handler
</UL>
<BR>[Address Reference Count : 1]<UL><LI> startup_stm32f030x6.o(RESET)
</UL>
<P><STRONG><a name="[5]"></a>SysTick_Handler</STRONG> (Thumb, 2 bytes, Stack size 0 bytes, startup_stm32f030x6.o(.text))
<BR><BR>[Calls]<UL><LI><a href="#[5]">&gt;&gt;</a>&nbsp;&nbsp;&nbsp;SysTick_Handler
</UL>
<BR>[Called By]<UL><LI><a href="#[5]">&gt;&gt;</a>&nbsp;&nbsp;&nbsp;SysTick_Handler
</UL>
<BR>[Address Reference Count : 1]<UL><LI> startup_stm32f030x6.o(RESET)
</UL>
<P><STRONG><a name="[10]"></a>ADC1_IRQHandler</STRONG> (Thumb, 0 bytes, Stack size 0 bytes, startup_stm32f030x6.o(.text))
<BR><BR>[Calls]<UL><LI><a href="#[10]">&gt;&gt;</a>&nbsp;&nbsp;&nbsp;ADC1_IRQHandler
</UL>
<BR>[Called By]<UL><LI><a href="#[10]">&gt;&gt;</a>&nbsp;&nbsp;&nbsp;ADC1_IRQHandler
</UL>
<BR>[Address Reference Count : 1]<UL><LI> startup_stm32f030x6.o(RESET)
</UL>
<P><STRONG><a name="[d]"></a>DMA1_Channel1_IRQHandler</STRONG> (Thumb, 0 bytes, Stack size 0 bytes, startup_stm32f030x6.o(.text))
<BR>[Address Reference Count : 1]<UL><LI> startup_stm32f030x6.o(RESET)
</UL>
<P><STRONG><a name="[e]"></a>DMA1_Channel2_3_IRQHandler</STRONG> (Thumb, 0 bytes, Stack size 0 bytes, startup_stm32f030x6.o(.text))
<BR>[Address Reference Count : 1]<UL><LI> startup_stm32f030x6.o(RESET)
</UL>
<P><STRONG><a name="[f]"></a>DMA1_Channel4_5_IRQHandler</STRONG> (Thumb, 0 bytes, Stack size 0 bytes, startup_stm32f030x6.o(.text))
<BR>[Address Reference Count : 1]<UL><LI> startup_stm32f030x6.o(RESET)
</UL>
<P><STRONG><a name="[a]"></a>EXTI0_1_IRQHandler</STRONG> (Thumb, 0 bytes, Stack size 0 bytes, startup_stm32f030x6.o(.text))
<BR>[Address Reference Count : 1]<UL><LI> startup_stm32f030x6.o(RESET)
</UL>
<P><STRONG><a name="[b]"></a>EXTI2_3_IRQHandler</STRONG> (Thumb, 0 bytes, Stack size 0 bytes, startup_stm32f030x6.o(.text))
<BR>[Address Reference Count : 1]<UL><LI> startup_stm32f030x6.o(RESET)
</UL>
<P><STRONG><a name="[c]"></a>EXTI4_15_IRQHandler</STRONG> (Thumb, 0 bytes, Stack size 0 bytes, startup_stm32f030x6.o(.text))
<BR>[Address Reference Count : 1]<UL><LI> startup_stm32f030x6.o(RESET)
</UL>
<P><STRONG><a name="[8]"></a>FLASH_IRQHandler</STRONG> (Thumb, 0 bytes, Stack size 0 bytes, startup_stm32f030x6.o(.text))
<BR>[Address Reference Count : 1]<UL><LI> startup_stm32f030x6.o(RESET)
</UL>
<P><STRONG><a name="[17]"></a>I2C1_IRQHandler</STRONG> (Thumb, 0 bytes, Stack size 0 bytes, startup_stm32f030x6.o(.text))
<BR>[Address Reference Count : 1]<UL><LI> startup_stm32f030x6.o(RESET)
</UL>
<P><STRONG><a name="[9]"></a>RCC_IRQHandler</STRONG> (Thumb, 0 bytes, Stack size 0 bytes, startup_stm32f030x6.o(.text))
<BR>[Address Reference Count : 1]<UL><LI> startup_stm32f030x6.o(RESET)
</UL>
<P><STRONG><a name="[7]"></a>RTC_IRQHandler</STRONG> (Thumb, 0 bytes, Stack size 0 bytes, startup_stm32f030x6.o(.text))
<BR>[Address Reference Count : 1]<UL><LI> startup_stm32f030x6.o(RESET)
</UL>
<P><STRONG><a name="[18]"></a>SPI1_IRQHandler</STRONG> (Thumb, 0 bytes, Stack size 0 bytes, startup_stm32f030x6.o(.text))
<BR>[Address Reference Count : 1]<UL><LI> startup_stm32f030x6.o(RESET)
</UL>
<P><STRONG><a name="[14]"></a>TIM14_IRQHandler</STRONG> (Thumb, 0 bytes, Stack size 0 bytes, startup_stm32f030x6.o(.text))
<BR>[Address Reference Count : 1]<UL><LI> startup_stm32f030x6.o(RESET)
</UL>
<P><STRONG><a name="[15]"></a>TIM16_IRQHandler</STRONG> (Thumb, 0 bytes, Stack size 0 bytes, startup_stm32f030x6.o(.text))
<BR>[Address Reference Count : 1]<UL><LI> startup_stm32f030x6.o(RESET)
</UL>
<P><STRONG><a name="[16]"></a>TIM17_IRQHandler</STRONG> (Thumb, 0 bytes, Stack size 0 bytes, startup_stm32f030x6.o(.text))
<BR>[Address Reference Count : 1]<UL><LI> startup_stm32f030x6.o(RESET)
</UL>
<P><STRONG><a name="[11]"></a>TIM1_BRK_UP_TRG_COM_IRQHandler</STRONG> (Thumb, 0 bytes, Stack size 0 bytes, startup_stm32f030x6.o(.text))
<BR>[Address Reference Count : 1]<UL><LI> startup_stm32f030x6.o(RESET)
</UL>
<P><STRONG><a name="[12]"></a>TIM1_CC_IRQHandler</STRONG> (Thumb, 0 bytes, Stack size 0 bytes, startup_stm32f030x6.o(.text))
<BR>[Address Reference Count : 1]<UL><LI> startup_stm32f030x6.o(RESET)
</UL>
<P><STRONG><a name="[13]"></a>TIM3_IRQHandler</STRONG> (Thumb, 0 bytes, Stack size 0 bytes, startup_stm32f030x6.o(.text))
<BR>[Address Reference Count : 1]<UL><LI> startup_stm32f030x6.o(RESET)
</UL>
<P><STRONG><a name="[19]"></a>USART1_IRQHandler</STRONG> (Thumb, 0 bytes, Stack size 0 bytes, startup_stm32f030x6.o(.text))
<BR>[Address Reference Count : 1]<UL><LI> startup_stm32f030x6.o(RESET)
</UL>
<P><STRONG><a name="[6]"></a>WWDG_IRQHandler</STRONG> (Thumb, 0 bytes, Stack size 0 bytes, startup_stm32f030x6.o(.text))
<BR>[Address Reference Count : 1]<UL><LI> startup_stm32f030x6.o(RESET)
</UL>
<P><STRONG><a name="[1e]"></a>__scatterload</STRONG> (Thumb, 38 bytes, Stack size 0 bytes, init.o(.text))
<BR><BR>[Calls]<UL><LI><a href="#[1f]">&gt;&gt;</a>&nbsp;&nbsp;&nbsp;__main_after_scatterload
</UL>
<BR>[Called By]<UL><LI><a href="#[1d]">&gt;&gt;</a>&nbsp;&nbsp;&nbsp;_main_scatterload
</UL>

<P><STRONG><a name="[26]"></a>__scatterload_rt2</STRONG> (Thumb, 0 bytes, Stack size 0 bytes, init.o(.text), UNUSED)

<P><STRONG><a name="[1b]"></a>SystemInit</STRONG> (Thumb, 2 bytes, Stack size 0 bytes, lto-llvm-2f3efe.o(.text.SystemInit))
<BR>[Address Reference Count : 1]<UL><LI> startup_stm32f030x6.o(.text)
</UL>
<P><STRONG><a name="[1a]"></a>main</STRONG> (Thumb, 288 bytes, Stack size 28 bytes, lto-llvm-2f3efe.o(.text.main))
<BR><BR>[Stack]<UL><LI>Max Depth = 28<LI>Call Chain = main
</UL>
<BR>[Address Reference Count : 1]<UL><LI> entry9a.o(.ARM.Collect$$$$0000000B)
</UL>
<P><STRONG><a name="[27]"></a>__scatterload_copy</STRONG> (Thumb, 14 bytes, Stack size unknown bytes, handlers.o(i.__scatterload_copy), UNUSED)

<P><STRONG><a name="[28]"></a>__scatterload_null</STRONG> (Thumb, 2 bytes, Stack size unknown bytes, handlers.o(i.__scatterload_null), UNUSED)

<P><STRONG><a name="[29]"></a>__scatterload_zeroinit</STRONG> (Thumb, 14 bytes, Stack size unknown bytes, handlers.o(i.__scatterload_zeroinit), UNUSED)
<P>
<H3>
Local Symbols
</H3><P>
<H3>
Undefined Global Symbols
</H3><HR></body></html>
