Archive member included to satisfy reference by file (symbol)

C:/Users/mr.smith/scoop/apps/gcc-arm-none-eabi/15.2.rel1/bin/../lib/gcc/arm-none-eabi/15.2.1/../../../../arm-none-eabi/lib/thumb/v6-m/nofp\libc_nano.a(libc_a-exit.o)
                              C:/Users/mr.smith/scoop/apps/gcc-arm-none-eabi/15.2.rel1/bin/../lib/gcc/arm-none-eabi/15.2.1/../../../../arm-none-eabi/lib/thumb/v6-m/nofp/crt0.o (exit)
C:/Users/mr.smith/scoop/apps/gcc-arm-none-eabi/15.2.rel1/bin/../lib/gcc/arm-none-eabi/15.2.1/../../../../arm-none-eabi/lib/thumb/v6-m/nofp\libc_nano.a(libc_a-findfp.o)
                              C:/Users/mr.smith/scoop/apps/gcc-arm-none-eabi/15.2.rel1/bin/../lib/gcc/arm-none-eabi/15.2.1/../../../../arm-none-eabi/lib/thumb/v6-m/nofp\libc_nano.a(libc_a-exit.o) (__stdio_exit_handler)
C:/Users/mr.smith/scoop/apps/gcc-arm-none-eabi/15.2.rel1/bin/../lib/gcc/arm-none-eabi/15.2.1/../../../../arm-none-eabi/lib/thumb/v6-m/nofp\libc_nano.a(libc_a-fwalk.o)
                              C:/Users/mr.smith/scoop/apps/gcc-arm-none-eabi/15.2.rel1/bin/../lib/gcc/arm-none-eabi/15.2.1/../../../../arm-none-eabi/lib/thumb/v6-m/nofp\libc_nano.a(libc_a-findfp.o) (_fwalk_sglue)
C:/Users/mr.smith/scoop/apps/gcc-arm-none-eabi/15.2.rel1/bin/../lib/gcc/arm-none-eabi/15.2.1/../../../../arm-none-eabi/lib/thumb/v6-m/nofp\libc_nano.a(libc_a-stdio.o)
                              C:/Users/mr.smith/scoop/apps/gcc-arm-none-eabi/15.2.rel1/bin/../lib/gcc/arm-none-eabi/15.2.1/../../../../arm-none-eabi/lib/thumb/v6-m/nofp\libc_nano.a(libc_a-findfp.o) (__sread)
C:/Users/mr.smith/scoop/apps/gcc-arm-none-eabi/15.2.rel1/bin/../lib/gcc/arm-none-eabi/15.2.1/../../../../arm-none-eabi/lib/thumb/v6-m/nofp\libc_nano.a(libc_a-memset.o)
                              C:/Users/mr.smith/scoop/apps/gcc-arm-none-eabi/15.2.rel1/bin/../lib/gcc/arm-none-eabi/15.2.1/../../../../arm-none-eabi/lib/thumb/v6-m/nofp/crt0.o (memset)
C:/Users/mr.smith/scoop/apps/gcc-arm-none-eabi/15.2.rel1/bin/../lib/gcc/arm-none-eabi/15.2.1/../../../../arm-none-eabi/lib/thumb/v6-m/nofp\libc_nano.a(libc_a-impure.o)
                              C:/Users/mr.smith/scoop/apps/gcc-arm-none-eabi/15.2.rel1/bin/../lib/gcc/arm-none-eabi/15.2.1/../../../../arm-none-eabi/lib/thumb/v6-m/nofp\libc_nano.a(libc_a-findfp.o) (_impure_data)
C:/Users/mr.smith/scoop/apps/gcc-arm-none-eabi/15.2.rel1/bin/../lib/gcc/arm-none-eabi/15.2.1/../../../../arm-none-eabi/lib/thumb/v6-m/nofp\libc_nano.a(libc_a-init.o)
                              C:/Users/mr.smith/scoop/apps/gcc-arm-none-eabi/15.2.rel1/bin/../lib/gcc/arm-none-eabi/15.2.1/../../../../arm-none-eabi/lib/thumb/v6-m/nofp/crt0.o (__libc_init_array)
C:/Users/mr.smith/scoop/apps/gcc-arm-none-eabi/15.2.rel1/bin/../lib/gcc/arm-none-eabi/15.2.1/../../../../arm-none-eabi/lib/thumb/v6-m/nofp\libc_nano.a(libc_a-lock.o)
                              C:/Users/mr.smith/scoop/apps/gcc-arm-none-eabi/15.2.rel1/bin/../lib/gcc/arm-none-eabi/15.2.1/../../../../arm-none-eabi/lib/thumb/v6-m/nofp\libc_nano.a(libc_a-findfp.o) (__retarget_lock_init_recursive)
C:/Users/mr.smith/scoop/apps/gcc-arm-none-eabi/15.2.rel1/bin/../lib/gcc/arm-none-eabi/15.2.1/../../../../arm-none-eabi/lib/thumb/v6-m/nofp\libc_nano.a(libc_a-mallocr.o)
                              C:/Users/mr.smith/scoop/apps/gcc-arm-none-eabi/15.2.rel1/bin/../lib/gcc/arm-none-eabi/15.2.1/../../../../arm-none-eabi/lib/thumb/v6-m/nofp\libc_nano.a(libc_a-findfp.o) (_malloc_r)
C:/Users/mr.smith/scoop/apps/gcc-arm-none-eabi/15.2.rel1/bin/../lib/gcc/arm-none-eabi/15.2.1/../../../../arm-none-eabi/lib/thumb/v6-m/nofp\libc_nano.a(libc_a-mlock.o)
                              C:/Users/mr.smith/scoop/apps/gcc-arm-none-eabi/15.2.rel1/bin/../lib/gcc/arm-none-eabi/15.2.1/../../../../arm-none-eabi/lib/thumb/v6-m/nofp\libc_nano.a(libc_a-mallocr.o) (__malloc_lock)
C:/Users/mr.smith/scoop/apps/gcc-arm-none-eabi/15.2.rel1/bin/../lib/gcc/arm-none-eabi/15.2.1/../../../../arm-none-eabi/lib/thumb/v6-m/nofp\libc_nano.a(libc_a-fflush.o)
                              C:/Users/mr.smith/scoop/apps/gcc-arm-none-eabi/15.2.rel1/bin/../lib/gcc/arm-none-eabi/15.2.1/../../../../arm-none-eabi/lib/thumb/v6-m/nofp\libc_nano.a(libc_a-findfp.o) (_fflush_r)
C:/Users/mr.smith/scoop/apps/gcc-arm-none-eabi/15.2.rel1/bin/../lib/gcc/arm-none-eabi/15.2.1/../../../../arm-none-eabi/lib/thumb/v6-m/nofp\libc_nano.a(libc_a-sbrkr.o)
                              C:/Users/mr.smith/scoop/apps/gcc-arm-none-eabi/15.2.rel1/bin/../lib/gcc/arm-none-eabi/15.2.1/../../../../arm-none-eabi/lib/thumb/v6-m/nofp\libc_nano.a(libc_a-mallocr.o) (_sbrk_r)
C:/Users/mr.smith/scoop/apps/gcc-arm-none-eabi/15.2.rel1/bin/../lib/gcc/arm-none-eabi/15.2.1/../../../../arm-none-eabi/lib/thumb/v6-m/nofp\libc_nano.a(libc_a-freer.o)
                              C:/Users/mr.smith/scoop/apps/gcc-arm-none-eabi/15.2.rel1/bin/../lib/gcc/arm-none-eabi/15.2.1/../../../../arm-none-eabi/lib/thumb/v6-m/nofp\libc_nano.a(libc_a-fflush.o) (_free_r)
C:/Users/mr.smith/scoop/apps/gcc-arm-none-eabi/15.2.rel1/bin/../lib/gcc/arm-none-eabi/15.2.1/../../../../arm-none-eabi/lib/thumb/v6-m/nofp\libc_nano.a(libc_a-reent.o)
                              C:/Users/mr.smith/scoop/apps/gcc-arm-none-eabi/15.2.rel1/bin/../lib/gcc/arm-none-eabi/15.2.1/../../../../arm-none-eabi/lib/thumb/v6-m/nofp\libc_nano.a(libc_a-sbrkr.o) (errno)
C:/Users/mr.smith/scoop/apps/gcc-arm-none-eabi/15.2.rel1/bin/../lib/gcc/arm-none-eabi/15.2.1/../../../../arm-none-eabi/lib/thumb/v6-m/nofp\libnosys.a(sbrk.o)
                              C:/Users/mr.smith/scoop/apps/gcc-arm-none-eabi/15.2.rel1/bin/../lib/gcc/arm-none-eabi/15.2.1/../../../../arm-none-eabi/lib/thumb/v6-m/nofp\libc_nano.a(libc_a-sbrkr.o) (_sbrk)
C:/Users/mr.smith/scoop/apps/gcc-arm-none-eabi/15.2.rel1/bin/../lib/gcc/arm-none-eabi/15.2.1/../../../../arm-none-eabi/lib/thumb/v6-m/nofp\libnosys.a(_exit.o)
                              C:/Users/mr.smith/scoop/apps/gcc-arm-none-eabi/15.2.rel1/bin/../lib/gcc/arm-none-eabi/15.2.1/../../../../arm-none-eabi/lib/thumb/v6-m/nofp\libc_nano.a(libc_a-exit.o) (_exit)
C:/Users/mr.smith/scoop/apps/gcc-arm-none-eabi/15.2.rel1/bin/../lib/gcc/arm-none-eabi/15.2.1/thumb/v6-m/nofp\libgcc.a(_udivsi3.o)
                              _build/system_stm32g0xx.o (__aeabi_uidiv)
C:/Users/mr.smith/scoop/apps/gcc-arm-none-eabi/15.2.rel1/bin/../lib/gcc/arm-none-eabi/15.2.1/thumb/v6-m/nofp\libgcc.a(_dvmd_tls.o)
                              C:/Users/mr.smith/scoop/apps/gcc-arm-none-eabi/15.2.rel1/bin/../lib/gcc/arm-none-eabi/15.2.1/thumb/v6-m/nofp\libgcc.a(_udivsi3.o) (__aeabi_idiv0)

Discarded input sections

 .text          0x00000000        0x0 C:/Users/mr.smith/scoop/apps/gcc-arm-none-eabi/15.2.rel1/bin/../lib/gcc/arm-none-eabi/15.2.1/thumb/v6-m/nofp/crti.o
 .data          0x00000000        0x0 C:/Users/mr.smith/scoop/apps/gcc-arm-none-eabi/15.2.rel1/bin/../lib/gcc/arm-none-eabi/15.2.1/thumb/v6-m/nofp/crti.o
 .bss           0x00000000        0x0 C:/Users/mr.smith/scoop/apps/gcc-arm-none-eabi/15.2.rel1/bin/../lib/gcc/arm-none-eabi/15.2.1/thumb/v6-m/nofp/crti.o
 .text          0x00000000        0x0 C:/Users/mr.smith/scoop/apps/gcc-arm-none-eabi/15.2.rel1/bin/../lib/gcc/arm-none-eabi/15.2.1/thumb/v6-m/nofp/crtbegin.o
 .data          0x00000000        0x0 C:/Users/mr.smith/scoop/apps/gcc-arm-none-eabi/15.2.rel1/bin/../lib/gcc/arm-none-eabi/15.2.1/thumb/v6-m/nofp/crtbegin.o
 .bss           0x00000000        0x0 C:/Users/mr.smith/scoop/apps/gcc-arm-none-eabi/15.2.rel1/bin/../lib/gcc/arm-none-eabi/15.2.1/thumb/v6-m/nofp/crtbegin.o
 .rodata.all_implied_fbits
                0x00000000       0x24 C:/Users/mr.smith/scoop/apps/gcc-arm-none-eabi/15.2.rel1/bin/../lib/gcc/arm-none-eabi/15.2.1/thumb/v6-m/nofp/crtbegin.o
 .data.__dso_handle
                0x00000000        0x4 C:/Users/mr.smith/scoop/apps/gcc-arm-none-eabi/15.2.rel1/bin/../lib/gcc/arm-none-eabi/15.2.1/thumb/v6-m/nofp/crtbegin.o
 .text          0x00000000       0x80 C:/Users/mr.smith/scoop/apps/gcc-arm-none-eabi/15.2.rel1/bin/../lib/gcc/arm-none-eabi/15.2.1/../../../../arm-none-eabi/lib/thumb/v6-m/nofp/crt0.o
 .data          0x00000000        0x0 C:/Users/mr.smith/scoop/apps/gcc-arm-none-eabi/15.2.rel1/bin/../lib/gcc/arm-none-eabi/15.2.1/../../../../arm-none-eabi/lib/thumb/v6-m/nofp/crt0.o
 .bss           0x00000000        0x0 C:/Users/mr.smith/scoop/apps/gcc-arm-none-eabi/15.2.rel1/bin/../lib/gcc/arm-none-eabi/15.2.1/../../../../arm-none-eabi/lib/thumb/v6-m/nofp/crt0.o
 .ARM.extab     0x00000000        0x0 C:/Users/mr.smith/scoop/apps/gcc-arm-none-eabi/15.2.rel1/bin/../lib/gcc/arm-none-eabi/15.2.1/../../../../arm-none-eabi/lib/thumb/v6-m/nofp/crt0.o
 .ARM.exidx     0x00000000       0x10 C:/Users/mr.smith/scoop/apps/gcc-arm-none-eabi/15.2.rel1/bin/../lib/gcc/arm-none-eabi/15.2.1/../../../../arm-none-eabi/lib/thumb/v6-m/nofp/crt0.o
 .debug_line_str
                0x00000000       0xd2 C:/Users/mr.smith/scoop/apps/gcc-arm-none-eabi/15.2.rel1/bin/../lib/gcc/arm-none-eabi/15.2.1/../../../../arm-none-eabi/lib/thumb/v6-m/nofp/crt0.o
 .ARM.attributes
                0x00000000       0x1b C:/Users/mr.smith/scoop/apps/gcc-arm-none-eabi/15.2.rel1/bin/../lib/gcc/arm-none-eabi/15.2.1/../../../../arm-none-eabi/lib/thumb/v6-m/nofp/crt0.o
 .group         0x00000000        0xc _build/main.o
 .group         0x00000000        0xc _build/main.o
 .group         0x00000000        0xc _build/main.o
 .group         0x00000000        0xc _build/main.o
 .group         0x00000000        0xc _build/main.o
 .group         0x00000000        0xc _build/main.o
 .group         0x00000000        0xc _build/main.o
 .group         0x00000000        0xc _build/main.o
 .group         0x00000000        0xc _build/main.o
 .group         0x00000000        0xc _build/main.o
 .group         0x00000000        0xc _build/main.o
 .group         0x00000000        0xc _build/main.o
 .group         0x00000000        0xc _build/main.o
 .group         0x00000000        0xc _build/main.o
 .group         0x00000000        0xc _build/main.o
 .group         0x00000000        0xc _build/main.o
 .group         0x00000000        0xc _build/main.o
 .text          0x00000000        0x0 _build/main.o
 .data          0x00000000        0x0 _build/main.o
 .bss           0x00000000        0x0 _build/main.o
 .text._close_r
                0x00000000        0x2 _build/main.o
 .text._close   0x00000000        0x2 _build/main.o
 .text._lseek_r
                0x00000000        0x2 _build/main.o
 .text._lseek   0x00000000        0x2 _build/main.o
 .text._read_r  0x00000000        0x2 _build/main.o
 .text._read    0x00000000        0x2 _build/main.o
 .text._write_r
                0x00000000        0x2 _build/main.o
 .group         0x00000000        0xc _build/system_stm32g0xx.o
 .group         0x00000000        0xc _build/system_stm32g0xx.o
 .group         0x00000000        0xc _build/system_stm32g0xx.o
 .group         0x00000000        0xc _build/system_stm32g0xx.o
 .group         0x00000000        0xc _build/system_stm32g0xx.o
 .group         0x00000000        0xc _build/system_stm32g0xx.o
 .group         0x00000000        0xc _build/system_stm32g0xx.o
 .group         0x00000000        0xc _build/system_stm32g0xx.o
 .group         0x00000000        0xc _build/system_stm32g0xx.o
 .group         0x00000000        0xc _build/system_stm32g0xx.o
 .group         0x00000000        0xc _build/system_stm32g0xx.o
 .group         0x00000000        0xc _build/system_stm32g0xx.o
 .group         0x00000000        0xc _build/system_stm32g0xx.o
 .group         0x00000000        0xc _build/system_stm32g0xx.o
 .group         0x00000000        0xc _build/system_stm32g0xx.o
 .group         0x00000000        0xc _build/system_stm32g0xx.o
 .text          0x00000000        0x0 _build/system_stm32g0xx.o
 .data          0x00000000        0x0 _build/system_stm32g0xx.o
 .bss           0x00000000        0x0 _build/system_stm32g0xx.o
 .text.SystemCoreClockUpdate
                0x00000000       0xb8 _build/system_stm32g0xx.o
 .rodata.APBPrescTable
                0x00000000       0x20 _build/system_stm32g0xx.o
 .rodata.AHBPrescTable
                0x00000000       0x40 _build/system_stm32g0xx.o
 .data.SystemCoreClock
                0x00000000        0x4 _build/system_stm32g0xx.o
 .debug_macro   0x00000000      0xac0 _build/system_stm32g0xx.o
 .debug_macro   0x00000000       0x28 _build/system_stm32g0xx.o
 .debug_macro   0x00000000       0x22 _build/system_stm32g0xx.o
 .debug_macro   0x00000000       0x8e _build/system_stm32g0xx.o
 .debug_macro   0x00000000       0x51 _build/system_stm32g0xx.o
 .debug_macro   0x00000000      0x103 _build/system_stm32g0xx.o
 .debug_macro   0x00000000       0x6a _build/system_stm32g0xx.o
 .debug_macro   0x00000000      0x1df _build/system_stm32g0xx.o
 .debug_macro   0x00000000       0x1c _build/system_stm32g0xx.o
 .debug_macro   0x00000000       0x22 _build/system_stm32g0xx.o
 .debug_macro   0x00000000       0xd1 _build/system_stm32g0xx.o
 .debug_macro   0x00000000      0x4da _build/system_stm32g0xx.o
 .debug_macro   0x00000000      0x11f _build/system_stm32g0xx.o
 .debug_macro   0x00000000     0xac8e _build/system_stm32g0xx.o
 .text          0x00000000       0x14 _build/startup_stm32g031xx.o
 .data          0x00000000        0x0 _build/startup_stm32g031xx.o
 .bss           0x00000000        0x0 _build/startup_stm32g031xx.o
 .text          0x00000000        0x0 C:/Users/mr.smith/scoop/apps/gcc-arm-none-eabi/15.2.rel1/bin/../lib/gcc/arm-none-eabi/15.2.1/../../../../arm-none-eabi/lib/thumb/v6-m/nofp\libc_nano.a(libc_a-exit.o)
 .data          0x00000000        0x0 C:/Users/mr.smith/scoop/apps/gcc-arm-none-eabi/15.2.rel1/bin/../lib/gcc/arm-none-eabi/15.2.1/../../../../arm-none-eabi/lib/thumb/v6-m/nofp\libc_nano.a(libc_a-exit.o)
 .bss           0x00000000        0x0 C:/Users/mr.smith/scoop/apps/gcc-arm-none-eabi/15.2.rel1/bin/../lib/gcc/arm-none-eabi/15.2.1/../../../../arm-none-eabi/lib/thumb/v6-m/nofp\libc_nano.a(libc_a-exit.o)
 .text.exit     0x00000000       0x28 C:/Users/mr.smith/scoop/apps/gcc-arm-none-eabi/15.2.rel1/bin/../lib/gcc/arm-none-eabi/15.2.1/../../../../arm-none-eabi/lib/thumb/v6-m/nofp\libc_nano.a(libc_a-exit.o)
 .debug_frame   0x00000000       0x28 C:/Users/mr.smith/scoop/apps/gcc-arm-none-eabi/15.2.rel1/bin/../lib/gcc/arm-none-eabi/15.2.1/../../../../arm-none-eabi/lib/thumb/v6-m/nofp\libc_nano.a(libc_a-exit.o)
 .ARM.attributes
                0x00000000       0x2c C:/Users/mr.smith/scoop/apps/gcc-arm-none-eabi/15.2.rel1/bin/../lib/gcc/arm-none-eabi/15.2.1/../../../../arm-none-eabi/lib/thumb/v6-m/nofp\libc_nano.a(libc_a-exit.o)
 .text          0x00000000        0x0 C:/Users/mr.smith/scoop/apps/gcc-arm-none-eabi/15.2.rel1/bin/../lib/gcc/arm-none-eabi/15.2.1/../../../../arm-none-eabi/lib/thumb/v6-m/nofp\libc_nano.a(libc_a-findfp.o)
 .data          0x00000000        0x0 C:/Users/mr.smith/scoop/apps/gcc-arm-none-eabi/15.2.rel1/bin/../lib/gcc/arm-none-eabi/15.2.1/../../../../arm-none-eabi/lib/thumb/v6-m/nofp\libc_nano.a(libc_a-findfp.o)
 .bss           0x00000000        0x0 C:/Users/mr.smith/scoop/apps/gcc-arm-none-eabi/15.2.rel1/bin/../lib/gcc/arm-none-eabi/15.2.1/../../../../arm-none-eabi/lib/thumb/v6-m/nofp\libc_nano.a(libc_a-findfp.o)
 .text.std      0x00000000       0x6c C:/Users/mr.smith/scoop/apps/gcc-arm-none-eabi/15.2.rel1/bin/../lib/gcc/arm-none-eabi/15.2.1/../../../../arm-none-eabi/lib/thumb/v6-m/nofp\libc_nano.a(libc_a-findfp.o)
 .text.stdio_exit_handler
                0x00000000       0x1c C:/Users/mr.smith/scoop/apps/gcc-arm-none-eabi/15.2.rel1/bin/../lib/gcc/arm-none-eabi/15.2.1/../../../../arm-none-eabi/lib/thumb/v6-m/nofp\libc_nano.a(libc_a-findfp.o)
 .text.cleanup_stdio
                0x00000000       0x3c C:/Users/mr.smith/scoop/apps/gcc-arm-none-eabi/15.2.rel1/bin/../lib/gcc/arm-none-eabi/15.2.1/../../../../arm-none-eabi/lib/thumb/v6-m/nofp\libc_nano.a(libc_a-findfp.o)
 .text.__fp_lock
                0x00000000       0x18 C:/Users/mr.smith/scoop/apps/gcc-arm-none-eabi/15.2.rel1/bin/../lib/gcc/arm-none-eabi/15.2.1/../../../../arm-none-eabi/lib/thumb/v6-m/nofp\libc_nano.a(libc_a-findfp.o)
 .text.__fp_unlock
                0x00000000       0x18 C:/Users/mr.smith/scoop/apps/gcc-arm-none-eabi/15.2.rel1/bin/../lib/gcc/arm-none-eabi/15.2.1/../../../../arm-none-eabi/lib/thumb/v6-m/nofp\libc_nano.a(libc_a-findfp.o)
 .text.global_stdio_init.part.0
                0x00000000       0x3c C:/Users/mr.smith/scoop/apps/gcc-arm-none-eabi/15.2.rel1/bin/../lib/gcc/arm-none-eabi/15.2.1/../../../../arm-none-eabi/lib/thumb/v6-m/nofp\libc_nano.a(libc_a-findfp.o)
 .text.__sfp_lock_acquire
                0x00000000       0x10 C:/Users/mr.smith/scoop/apps/gcc-arm-none-eabi/15.2.rel1/bin/../lib/gcc/arm-none-eabi/15.2.1/../../../../arm-none-eabi/lib/thumb/v6-m/nofp\libc_nano.a(libc_a-findfp.o)
 .text.__sfp_lock_release
                0x00000000       0x10 C:/Users/mr.smith/scoop/apps/gcc-arm-none-eabi/15.2.rel1/bin/../lib/gcc/arm-none-eabi/15.2.1/../../../../arm-none-eabi/lib/thumb/v6-m/nofp\libc_nano.a(libc_a-findfp.o)
 .text.__sfp    0x00000000       0xac C:/Users/mr.smith/scoop/apps/gcc-arm-none-eabi/15.2.rel1/bin/../lib/gcc/arm-none-eabi/15.2.1/../../../../arm-none-eabi/lib/thumb/v6-m/nofp\libc_nano.a(libc_a-findfp.o)
 .text.__sinit  0x00000000       0x30 C:/Users/mr.smith/scoop/apps/gcc-arm-none-eabi/15.2.rel1/bin/../lib/gcc/arm-none-eabi/15.2.1/../../../../arm-none-eabi/lib/thumb/v6-m/nofp\libc_nano.a(libc_a-findfp.o)
 .text.__fp_lock_all
                0x00000000       0x1c C:/Users/mr.smith/scoop/apps/gcc-arm-none-eabi/15.2.rel1/bin/../lib/gcc/arm-none-eabi/15.2.1/../../../../arm-none-eabi/lib/thumb/v6-m/nofp\libc_nano.a(libc_a-findfp.o)
 .text.__fp_unlock_all
                0x00000000       0x1c C:/Users/mr.smith/scoop/apps/gcc-arm-none-eabi/15.2.rel1/bin/../lib/gcc/arm-none-eabi/15.2.1/../../../../arm-none-eabi/lib/thumb/v6-m/nofp\libc_nano.a(libc_a-findfp.o)
 .data.__sglue  0x00000000        0xc C:/Users/mr.smith/scoop/apps/gcc-arm-none-eabi/15.2.rel1/bin/../lib/gcc/arm-none-eabi/15.2.1/../../../../arm-none-eabi/lib/thumb/v6-m/nofp\libc_nano.a(libc_a-findfp.o)
 .bss.__sf      0x00000000      0x138 C:/Users/mr.smith/scoop/apps/gcc-arm-none-eabi/15.2.rel1/bin/../lib/gcc/arm-none-eabi/15.2.1/../../../../arm-none-eabi/lib/thumb/v6-m/nofp\libc_nano.a(libc_a-findfp.o)
 .bss.__stdio_exit_handler
                0x00000000        0x4 C:/Users/mr.smith/scoop/apps/gcc-arm-none-eabi/15.2.rel1/bin/../lib/gcc/arm-none-eabi/15.2.1/../../../../arm-none-eabi/lib/thumb/v6-m/nofp\libc_nano.a(libc_a-findfp.o)
 .debug_frame   0x00000000      0x138 C:/Users/mr.smith/scoop/apps/gcc-arm-none-eabi/15.2.rel1/bin/../lib/gcc/arm-none-eabi/15.2.1/../../../../arm-none-eabi/lib/thumb/v6-m/nofp\libc_nano.a(libc_a-findfp.o)
 .ARM.attributes
                0x00000000       0x2c C:/Users/mr.smith/scoop/apps/gcc-arm-none-eabi/15.2.rel1/bin/../lib/gcc/arm-none-eabi/15.2.1/../../../../arm-none-eabi/lib/thumb/v6-m/nofp\libc_nano.a(libc_a-findfp.o)
 .text          0x00000000        0x0 C:/Users/mr.smith/scoop/apps/gcc-arm-none-eabi/15.2.rel1/bin/../lib/gcc/arm-none-eabi/15.2.1/../../../../arm-none-eabi/lib/thumb/v6-m/nofp\libc_nano.a(libc_a-fwalk.o)
 .data          0x00000000        0x0 C:/Users/mr.smith/scoop/apps/gcc-arm-none-eabi/15.2.rel1/bin/../lib/gcc/arm-none-eabi/15.2.1/../../../../arm-none-eabi/lib/thumb/v6-m/nofp\libc_nano.a(libc_a-fwalk.o)
 .bss           0x00000000        0x0 C:/Users/mr.smith/scoop/apps/gcc-arm-none-eabi/15.2.rel1/bin/../lib/gcc/arm-none-eabi/15.2.1/../../../../arm-none-eabi/lib/thumb/v6-m/nofp\libc_nano.a(libc_a-fwalk.o)
 .text._fwalk_sglue
                0x00000000       0x38 C:/Users/mr.smith/scoop/apps/gcc-arm-none-eabi/15.2.rel1/bin/../lib/gcc/arm-none-eabi/15.2.1/../../../../arm-none-eabi/lib/thumb/v6-m/nofp\libc_nano.a(libc_a-fwalk.o)
 .debug_frame   0x00000000       0x34 C:/Users/mr.smith/scoop/apps/gcc-arm-none-eabi/15.2.rel1/bin/../lib/gcc/arm-none-eabi/15.2.1/../../../../arm-none-eabi/lib/thumb/v6-m/nofp\libc_nano.a(libc_a-fwalk.o)
 .ARM.attributes
                0x00000000       0x2c C:/Users/mr.smith/scoop/apps/gcc-arm-none-eabi/15.2.rel1/bin/../lib/gcc/arm-none-eabi/15.2.1/../../../../arm-none-eabi/lib/thumb/v6-m/nofp\libc_nano.a(libc_a-fwalk.o)
 .text          0x00000000        0x0 C:/Users/mr.smith/scoop/apps/gcc-arm-none-eabi/15.2.rel1/bin/../lib/gcc/arm-none-eabi/15.2.1/../../../../arm-none-eabi/lib/thumb/v6-m/nofp\libc_nano.a(libc_a-stdio.o)
 .data          0x00000000        0x0 C:/Users/mr.smith/scoop/apps/gcc-arm-none-eabi/15.2.rel1/bin/../lib/gcc/arm-none-eabi/15.2.1/../../../../arm-none-eabi/lib/thumb/v6-m/nofp\libc_nano.a(libc_a-stdio.o)
 .bss           0x00000000        0x0 C:/Users/mr.smith/scoop/apps/gcc-arm-none-eabi/15.2.rel1/bin/../lib/gcc/arm-none-eabi/15.2.1/../../../../arm-none-eabi/lib/thumb/v6-m/nofp\libc_nano.a(libc_a-stdio.o)
 .text.__sread  0x00000000       0x28 C:/Users/mr.smith/scoop/apps/gcc-arm-none-eabi/15.2.rel1/bin/../lib/gcc/arm-none-eabi/15.2.1/../../../../arm-none-eabi/lib/thumb/v6-m/nofp\libc_nano.a(libc_a-stdio.o)
 .text.__seofread
                0x00000000        0x4 C:/Users/mr.smith/scoop/apps/gcc-arm-none-eabi/15.2.rel1/bin/../lib/gcc/arm-none-eabi/15.2.1/../../../../arm-none-eabi/lib/thumb/v6-m/nofp\libc_nano.a(libc_a-stdio.o)
 .text.__swrite
                0x00000000       0x38 C:/Users/mr.smith/scoop/apps/gcc-arm-none-eabi/15.2.rel1/bin/../lib/gcc/arm-none-eabi/15.2.1/../../../../arm-none-eabi/lib/thumb/v6-m/nofp\libc_nano.a(libc_a-stdio.o)
 .text.__sseek  0x00000000       0x2c C:/Users/mr.smith/scoop/apps/gcc-arm-none-eabi/15.2.rel1/bin/../lib/gcc/arm-none-eabi/15.2.1/../../../../arm-none-eabi/lib/thumb/v6-m/nofp\libc_nano.a(libc_a-stdio.o)
 .text.__sclose
                0x00000000        0xc C:/Users/mr.smith/scoop/apps/gcc-arm-none-eabi/15.2.rel1/bin/../lib/gcc/arm-none-eabi/15.2.1/../../../../arm-none-eabi/lib/thumb/v6-m/nofp\libc_nano.a(libc_a-stdio.o)
 .debug_frame   0x00000000       0x90 C:/Users/mr.smith/scoop/apps/gcc-arm-none-eabi/15.2.rel1/bin/../lib/gcc/arm-none-eabi/15.2.1/../../../../arm-none-eabi/lib/thumb/v6-m/nofp\libc_nano.a(libc_a-stdio.o)
 .ARM.attributes
                0x00000000       0x2c C:/Users/mr.smith/scoop/apps/gcc-arm-none-eabi/15.2.rel1/bin/../lib/gcc/arm-none-eabi/15.2.1/../../../../arm-none-eabi/lib/thumb/v6-m/nofp\libc_nano.a(libc_a-stdio.o)
 .text          0x00000000        0x0 C:/Users/mr.smith/scoop/apps/gcc-arm-none-eabi/15.2.rel1/bin/../lib/gcc/arm-none-eabi/15.2.1/../../../../arm-none-eabi/lib/thumb/v6-m/nofp\libc_nano.a(libc_a-memset.o)
 .data          0x00000000        0x0 C:/Users/mr.smith/scoop/apps/gcc-arm-none-eabi/15.2.rel1/bin/../lib/gcc/arm-none-eabi/15.2.1/../../../../arm-none-eabi/lib/thumb/v6-m/nofp\libc_nano.a(libc_a-memset.o)
 .bss           0x00000000        0x0 C:/Users/mr.smith/scoop/apps/gcc-arm-none-eabi/15.2.rel1/bin/../lib/gcc/arm-none-eabi/15.2.1/../../../../arm-none-eabi/lib/thumb/v6-m/nofp\libc_nano.a(libc_a-memset.o)
 .text.memset   0x00000000       0x10 C:/Users/mr.smith/scoop/apps/gcc-arm-none-eabi/15.2.rel1/bin/../lib/gcc/arm-none-eabi/15.2.1/../../../../arm-none-eabi/lib/thumb/v6-m/nofp\libc_nano.a(libc_a-memset.o)
 .debug_frame   0x00000000       0x20 C:/Users/mr.smith/scoop/apps/gcc-arm-none-eabi/15.2.rel1/bin/../lib/gcc/arm-none-eabi/15.2.1/../../../../arm-none-eabi/lib/thumb/v6-m/nofp\libc_nano.a(libc_a-memset.o)
 .ARM.attributes
                0x00000000       0x2c C:/Users/mr.smith/scoop/apps/gcc-arm-none-eabi/15.2.rel1/bin/../lib/gcc/arm-none-eabi/15.2.1/../../../../arm-none-eabi/lib/thumb/v6-m/nofp\libc_nano.a(libc_a-memset.o)
 .text          0x00000000        0x0 C:/Users/mr.smith/scoop/apps/gcc-arm-none-eabi/15.2.rel1/bin/../lib/gcc/arm-none-eabi/15.2.1/../../../../arm-none-eabi/lib/thumb/v6-m/nofp\libc_nano.a(libc_a-impure.o)
 .data          0x00000000        0x0 C:/Users/mr.smith/scoop/apps/gcc-arm-none-eabi/15.2.rel1/bin/../lib/gcc/arm-none-eabi/15.2.1/../../../../arm-none-eabi/lib/thumb/v6-m/nofp\libc_nano.a(libc_a-impure.o)
 .bss           0x00000000        0x0 C:/Users/mr.smith/scoop/apps/gcc-arm-none-eabi/15.2.rel1/bin/../lib/gcc/arm-none-eabi/15.2.1/../../../../arm-none-eabi/lib/thumb/v6-m/nofp\libc_nano.a(libc_a-impure.o)
 .data._impure_ptr
                0x00000000        0x4 C:/Users/mr.smith/scoop/apps/gcc-arm-none-eabi/15.2.rel1/bin/../lib/gcc/arm-none-eabi/15.2.1/../../../../arm-none-eabi/lib/thumb/v6-m/nofp\libc_nano.a(libc_a-impure.o)
 .data._impure_data
                0x00000000       0x4c C:/Users/mr.smith/scoop/apps/gcc-arm-none-eabi/15.2.rel1/bin/../lib/gcc/arm-none-eabi/15.2.1/../../../../arm-none-eabi/lib/thumb/v6-m/nofp\libc_nano.a(libc_a-impure.o)
 .ARM.attributes
                0x00000000       0x2c C:/Users/mr.smith/scoop/apps/gcc-arm-none-eabi/15.2.rel1/bin/../lib/gcc/arm-none-eabi/15.2.1/../../../../arm-none-eabi/lib/thumb/v6-m/nofp\libc_nano.a(libc_a-impure.o)
 .text          0x00000000        0x0 C:/Users/mr.smith/scoop/apps/gcc-arm-none-eabi/15.2.rel1/bin/../lib/gcc/arm-none-eabi/15.2.1/../../../../arm-none-eabi/lib/thumb/v6-m/nofp\libc_nano.a(libc_a-init.o)
 .data          0x00000000        0x0 C:/Users/mr.smith/scoop/apps/gcc-arm-none-eabi/15.2.rel1/bin/../lib/gcc/arm-none-eabi/15.2.1/../../../../arm-none-eabi/lib/thumb/v6-m/nofp\libc_nano.a(libc_a-init.o)
 .bss           0x00000000        0x0 C:/Users/mr.smith/scoop/apps/gcc-arm-none-eabi/15.2.rel1/bin/../lib/gcc/arm-none-eabi/15.2.1/../../../../arm-none-eabi/lib/thumb/v6-m/nofp\libc_nano.a(libc_a-init.o)
 .text          0x00000000        0x0 C:/Users/mr.smith/scoop/apps/gcc-arm-none-eabi/15.2.rel1/bin/../lib/gcc/arm-none-eabi/15.2.1/../../../../arm-none-eabi/lib/thumb/v6-m/nofp\libc_nano.a(libc_a-lock.o)
 .data          0x00000000        0x0 C:/Users/mr.smith/scoop/apps/gcc-arm-none-eabi/15.2.rel1/bin/../lib/gcc/arm-none-eabi/15.2.1/../../../../arm-none-eabi/lib/thumb/v6-m/nofp\libc_nano.a(libc_a-lock.o)
 .bss           0x00000000        0x0 C:/Users/mr.smith/scoop/apps/gcc-arm-none-eabi/15.2.rel1/bin/../lib/gcc/arm-none-eabi/15.2.1/../../../../arm-none-eabi/lib/thumb/v6-m/nofp\libc_nano.a(libc_a-lock.o)
 .text.__retarget_lock_init
                0x00000000        0x2 C:/Users/mr.smith/scoop/apps/gcc-arm-none-eabi/15.2.rel1/bin/../lib/gcc/arm-none-eabi/15.2.1/../../../../arm-none-eabi/lib/thumb/v6-m/nofp\libc_nano.a(libc_a-lock.o)
 .text.__retarget_lock_init_recursive
                0x00000000        0x2 C:/Users/mr.smith/scoop/apps/gcc-arm-none-eabi/15.2.rel1/bin/../lib/gcc/arm-none-eabi/15.2.1/../../../../arm-none-eabi/lib/thumb/v6-m/nofp\libc_nano.a(libc_a-lock.o)
 .text.__retarget_lock_close
                0x00000000        0x2 C:/Users/mr.smith/scoop/apps/gcc-arm-none-eabi/15.2.rel1/bin/../lib/gcc/arm-none-eabi/15.2.1/../../../../arm-none-eabi/lib/thumb/v6-m/nofp\libc_nano.a(libc_a-lock.o)
 .text.__retarget_lock_close_recursive
                0x00000000        0x2 C:/Users/mr.smith/scoop/apps/gcc-arm-none-eabi/15.2.rel1/bin/../lib/gcc/arm-none-eabi/15.2.1/../../../../arm-none-eabi/lib/thumb/v6-m/nofp\libc_nano.a(libc_a-lock.o)
 .text.__retarget_lock_acquire
                0x00000000        0x2 C:/Users/mr.smith/scoop/apps/gcc-arm-none-eabi/15.2.rel1/bin/../lib/gcc/arm-none-eabi/15.2.1/../../../../arm-none-eabi/lib/thumb/v6-m/nofp\libc_nano.a(libc_a-lock.o)
 .text.__retarget_lock_acquire_recursive
                0x00000000        0x2 C:/Users/mr.smith/scoop/apps/gcc-arm-none-eabi/15.2.rel1/bin/../lib/gcc/arm-none-eabi/15.2.1/../../../../arm-none-eabi/lib/thumb/v6-m/nofp\libc_nano.a(libc_a-lock.o)
 .text.__retarget_lock_try_acquire
                0x00000000        0x4 C:/Users/mr.smith/scoop/apps/gcc-arm-none-eabi/15.2.rel1/bin/../lib/gcc/arm-none-eabi/15.2.1/../../../../arm-none-eabi/lib/thumb/v6-m/nofp\libc_nano.a(libc_a-lock.o)
 .text.__retarget_lock_try_acquire_recursive
                0x00000000        0x4 C:/Users/mr.smith/scoop/apps/gcc-arm-none-eabi/15.2.rel1/bin/../lib/gcc/arm-none-eabi/15.2.1/../../../../arm-none-eabi/lib/thumb/v6-m/nofp\libc_nano.a(libc_a-lock.o)
 .text.__retarget_lock_release
                0x00000000        0x2 C:/Users/mr.smith/scoop/apps/gcc-arm-none-eabi/15.2.rel1/bin/../lib/gcc/arm-none-eabi/15.2.1/../../../../arm-none-eabi/lib/thumb/v6-m/nofp\libc_nano.a(libc_a-lock.o)
 .text.__retarget_lock_release_recursive
                0x00000000        0x2 C:/Users/mr.smith/scoop/apps/gcc-arm-none-eabi/15.2.rel1/bin/../lib/gcc/arm-none-eabi/15.2.1/../../../../arm-none-eabi/lib/thumb/v6-m/nofp\libc_nano.a(libc_a-lock.o)
 .bss.__lock___arc4random_mutex
                0x00000000        0x1 C:/Users/mr.smith/scoop/apps/gcc-arm-none-eabi/15.2.rel1/bin/../lib/gcc/arm-none-eabi/15.2.1/../../../../arm-none-eabi/lib/thumb/v6-m/nofp\libc_nano.a(libc_a-lock.o)
 .bss.__lock___dd_hash_mutex
                0x00000000        0x1 C:/Users/mr.smith/scoop/apps/gcc-arm-none-eabi/15.2.rel1/bin/../lib/gcc/arm-none-eabi/15.2.1/../../../../arm-none-eabi/lib/thumb/v6-m/nofp\libc_nano.a(libc_a-lock.o)
 .bss.__lock___tz_mutex
                0x00000000        0x1 C:/Users/mr.smith/scoop/apps/gcc-arm-none-eabi/15.2.rel1/bin/../lib/gcc/arm-none-eabi/15.2.1/../../../../arm-none-eabi/lib/thumb/v6-m/nofp\libc_nano.a(libc_a-lock.o)
 .bss.__lock___env_recursive_mutex
                0x00000000        0x1 C:/Users/mr.smith/scoop/apps/gcc-arm-none-eabi/15.2.rel1/bin/../lib/gcc/arm-none-eabi/15.2.1/../../../../arm-none-eabi/lib/thumb/v6-m/nofp\libc_nano.a(libc_a-lock.o)
 .bss.__lock___malloc_recursive_mutex
                0x00000000        0x1 C:/Users/mr.smith/scoop/apps/gcc-arm-none-eabi/15.2.rel1/bin/../lib/gcc/arm-none-eabi/15.2.1/../../../../arm-none-eabi/lib/thumb/v6-m/nofp\libc_nano.a(libc_a-lock.o)
 .bss.__lock___at_quick_exit_mutex
                0x00000000        0x1 C:/Users/mr.smith/scoop/apps/gcc-arm-none-eabi/15.2.rel1/bin/../lib/gcc/arm-none-eabi/15.2.1/../../../../arm-none-eabi/lib/thumb/v6-m/nofp\libc_nano.a(libc_a-lock.o)
 .bss.__lock___atexit_recursive_mutex
                0x00000000        0x1 C:/Users/mr.smith/scoop/apps/gcc-arm-none-eabi/15.2.rel1/bin/../lib/gcc/arm-none-eabi/15.2.1/../../../../arm-none-eabi/lib/thumb/v6-m/nofp\libc_nano.a(libc_a-lock.o)
 .bss.__lock___sfp_recursive_mutex
                0x00000000        0x1 C:/Users/mr.smith/scoop/apps/gcc-arm-none-eabi/15.2.rel1/bin/../lib/gcc/arm-none-eabi/15.2.1/../../../../arm-none-eabi/lib/thumb/v6-m/nofp\libc_nano.a(libc_a-lock.o)
 .debug_frame   0x00000000       0xb0 C:/Users/mr.smith/scoop/apps/gcc-arm-none-eabi/15.2.rel1/bin/../lib/gcc/arm-none-eabi/15.2.1/../../../../arm-none-eabi/lib/thumb/v6-m/nofp\libc_nano.a(libc_a-lock.o)
 .ARM.attributes
                0x00000000       0x2c C:/Users/mr.smith/scoop/apps/gcc-arm-none-eabi/15.2.rel1/bin/../lib/gcc/arm-none-eabi/15.2.1/../../../../arm-none-eabi/lib/thumb/v6-m/nofp\libc_nano.a(libc_a-lock.o)
 .text          0x00000000        0x0 C:/Users/mr.smith/scoop/apps/gcc-arm-none-eabi/15.2.rel1/bin/../lib/gcc/arm-none-eabi/15.2.1/../../../../arm-none-eabi/lib/thumb/v6-m/nofp\libc_nano.a(libc_a-mallocr.o)
 .data          0x00000000        0x0 C:/Users/mr.smith/scoop/apps/gcc-arm-none-eabi/15.2.rel1/bin/../lib/gcc/arm-none-eabi/15.2.1/../../../../arm-none-eabi/lib/thumb/v6-m/nofp\libc_nano.a(libc_a-mallocr.o)
 .bss           0x00000000        0x0 C:/Users/mr.smith/scoop/apps/gcc-arm-none-eabi/15.2.rel1/bin/../lib/gcc/arm-none-eabi/15.2.1/../../../../arm-none-eabi/lib/thumb/v6-m/nofp\libc_nano.a(libc_a-mallocr.o)
 .text.sbrk_aligned
                0x00000000       0x44 C:/Users/mr.smith/scoop/apps/gcc-arm-none-eabi/15.2.rel1/bin/../lib/gcc/arm-none-eabi/15.2.1/../../../../arm-none-eabi/lib/thumb/v6-m/nofp\libc_nano.a(libc_a-mallocr.o)
 .text._malloc_r
                0x00000000      0x100 C:/Users/mr.smith/scoop/apps/gcc-arm-none-eabi/15.2.rel1/bin/../lib/gcc/arm-none-eabi/15.2.1/../../../../arm-none-eabi/lib/thumb/v6-m/nofp\libc_nano.a(libc_a-mallocr.o)
 .bss.__malloc_sbrk_start
                0x00000000        0x4 C:/Users/mr.smith/scoop/apps/gcc-arm-none-eabi/15.2.rel1/bin/../lib/gcc/arm-none-eabi/15.2.1/../../../../arm-none-eabi/lib/thumb/v6-m/nofp\libc_nano.a(libc_a-mallocr.o)
 .bss.__malloc_free_list
                0x00000000        0x4 C:/Users/mr.smith/scoop/apps/gcc-arm-none-eabi/15.2.rel1/bin/../lib/gcc/arm-none-eabi/15.2.1/../../../../arm-none-eabi/lib/thumb/v6-m/nofp\libc_nano.a(libc_a-mallocr.o)
 .debug_frame   0x00000000       0x50 C:/Users/mr.smith/scoop/apps/gcc-arm-none-eabi/15.2.rel1/bin/../lib/gcc/arm-none-eabi/15.2.1/../../../../arm-none-eabi/lib/thumb/v6-m/nofp\libc_nano.a(libc_a-mallocr.o)
 .ARM.attributes
                0x00000000       0x2c C:/Users/mr.smith/scoop/apps/gcc-arm-none-eabi/15.2.rel1/bin/../lib/gcc/arm-none-eabi/15.2.1/../../../../arm-none-eabi/lib/thumb/v6-m/nofp\libc_nano.a(libc_a-mallocr.o)
 .text          0x00000000        0x0 C:/Users/mr.smith/scoop/apps/gcc-arm-none-eabi/15.2.rel1/bin/../lib/gcc/arm-none-eabi/15.2.1/../../../../arm-none-eabi/lib/thumb/v6-m/nofp\libc_nano.a(libc_a-mlock.o)
 .data          0x00000000        0x0 C:/Users/mr.smith/scoop/apps/gcc-arm-none-eabi/15.2.rel1/bin/../lib/gcc/arm-none-eabi/15.2.1/../../../../arm-none-eabi/lib/thumb/v6-m/nofp\libc_nano.a(libc_a-mlock.o)
 .bss           0x00000000        0x0 C:/Users/mr.smith/scoop/apps/gcc-arm-none-eabi/15.2.rel1/bin/../lib/gcc/arm-none-eabi/15.2.1/../../../../arm-none-eabi/lib/thumb/v6-m/nofp\libc_nano.a(libc_a-mlock.o)
 .text.__malloc_lock
                0x00000000       0x10 C:/Users/mr.smith/scoop/apps/gcc-arm-none-eabi/15.2.rel1/bin/../lib/gcc/arm-none-eabi/15.2.1/../../../../arm-none-eabi/lib/thumb/v6-m/nofp\libc_nano.a(libc_a-mlock.o)
 .text.__malloc_unlock
                0x00000000       0x10 C:/Users/mr.smith/scoop/apps/gcc-arm-none-eabi/15.2.rel1/bin/../lib/gcc/arm-none-eabi/15.2.1/../../../../arm-none-eabi/lib/thumb/v6-m/nofp\libc_nano.a(libc_a-mlock.o)
 .debug_frame   0x00000000       0x40 C:/Users/mr.smith/scoop/apps/gcc-arm-none-eabi/15.2.rel1/bin/../lib/gcc/arm-none-eabi/15.2.1/../../../../arm-none-eabi/lib/thumb/v6-m/nofp\libc_nano.a(libc_a-mlock.o)
 .ARM.attributes
                0x00000000       0x2c C:/Users/mr.smith/scoop/apps/gcc-arm-none-eabi/15.2.rel1/bin/../lib/gcc/arm-none-eabi/15.2.1/../../../../arm-none-eabi/lib/thumb/v6-m/nofp\libc_nano.a(libc_a-mlock.o)
 .text          0x00000000        0x0 C:/Users/mr.smith/scoop/apps/gcc-arm-none-eabi/15.2.rel1/bin/../lib/gcc/arm-none-eabi/15.2.1/../../../../arm-none-eabi/lib/thumb/v6-m/nofp\libc_nano.a(libc_a-fflush.o)
 .data          0x00000000        0x0 C:/Users/mr.smith/scoop/apps/gcc-arm-none-eabi/15.2.rel1/bin/../lib/gcc/arm-none-eabi/15.2.1/../../../../arm-none-eabi/lib/thumb/v6-m/nofp\libc_nano.a(libc_a-fflush.o)
 .bss           0x00000000        0x0 C:/Users/mr.smith/scoop/apps/gcc-arm-none-eabi/15.2.rel1/bin/../lib/gcc/arm-none-eabi/15.2.1/../../../../arm-none-eabi/lib/thumb/v6-m/nofp\libc_nano.a(libc_a-fflush.o)
 .text.__sflush_r
                0x00000000      0x10c C:/Users/mr.smith/scoop/apps/gcc-arm-none-eabi/15.2.rel1/bin/../lib/gcc/arm-none-eabi/15.2.1/../../../../arm-none-eabi/lib/thumb/v6-m/nofp\libc_nano.a(libc_a-fflush.o)
 .text._fflush_r
                0x00000000       0x56 C:/Users/mr.smith/scoop/apps/gcc-arm-none-eabi/15.2.rel1/bin/../lib/gcc/arm-none-eabi/15.2.1/../../../../arm-none-eabi/lib/thumb/v6-m/nofp\libc_nano.a(libc_a-fflush.o)
 .text.fflush   0x00000000       0x30 C:/Users/mr.smith/scoop/apps/gcc-arm-none-eabi/15.2.rel1/bin/../lib/gcc/arm-none-eabi/15.2.1/../../../../arm-none-eabi/lib/thumb/v6-m/nofp\libc_nano.a(libc_a-fflush.o)
 .debug_frame   0x00000000       0x68 C:/Users/mr.smith/scoop/apps/gcc-arm-none-eabi/15.2.rel1/bin/../lib/gcc/arm-none-eabi/15.2.1/../../../../arm-none-eabi/lib/thumb/v6-m/nofp\libc_nano.a(libc_a-fflush.o)
 .ARM.attributes
                0x00000000       0x2c C:/Users/mr.smith/scoop/apps/gcc-arm-none-eabi/15.2.rel1/bin/../lib/gcc/arm-none-eabi/15.2.1/../../../../arm-none-eabi/lib/thumb/v6-m/nofp\libc_nano.a(libc_a-fflush.o)
 .text          0x00000000        0x0 C:/Users/mr.smith/scoop/apps/gcc-arm-none-eabi/15.2.rel1/bin/../lib/gcc/arm-none-eabi/15.2.1/../../../../arm-none-eabi/lib/thumb/v6-m/nofp\libc_nano.a(libc_a-sbrkr.o)
 .data          0x00000000        0x0 C:/Users/mr.smith/scoop/apps/gcc-arm-none-eabi/15.2.rel1/bin/../lib/gcc/arm-none-eabi/15.2.1/../../../../arm-none-eabi/lib/thumb/v6-m/nofp\libc_nano.a(libc_a-sbrkr.o)
 .bss           0x00000000        0x0 C:/Users/mr.smith/scoop/apps/gcc-arm-none-eabi/15.2.rel1/bin/../lib/gcc/arm-none-eabi/15.2.1/../../../../arm-none-eabi/lib/thumb/v6-m/nofp\libc_nano.a(libc_a-sbrkr.o)
 .text._sbrk_r  0x00000000       0x24 C:/Users/mr.smith/scoop/apps/gcc-arm-none-eabi/15.2.rel1/bin/../lib/gcc/arm-none-eabi/15.2.1/../../../../arm-none-eabi/lib/thumb/v6-m/nofp\libc_nano.a(libc_a-sbrkr.o)
 .debug_frame   0x00000000       0x2c C:/Users/mr.smith/scoop/apps/gcc-arm-none-eabi/15.2.rel1/bin/../lib/gcc/arm-none-eabi/15.2.1/../../../../arm-none-eabi/lib/thumb/v6-m/nofp\libc_nano.a(libc_a-sbrkr.o)
 .ARM.attributes
                0x00000000       0x2c C:/Users/mr.smith/scoop/apps/gcc-arm-none-eabi/15.2.rel1/bin/../lib/gcc/arm-none-eabi/15.2.1/../../../../arm-none-eabi/lib/thumb/v6-m/nofp\libc_nano.a(libc_a-sbrkr.o)
 .text          0x00000000        0x0 C:/Users/mr.smith/scoop/apps/gcc-arm-none-eabi/15.2.rel1/bin/../lib/gcc/arm-none-eabi/15.2.1/../../../../arm-none-eabi/lib/thumb/v6-m/nofp\libc_nano.a(libc_a-freer.o)
 .data          0x00000000        0x0 C:/Users/mr.smith/scoop/apps/gcc-arm-none-eabi/15.2.rel1/bin/../lib/gcc/arm-none-eabi/15.2.1/../../../../arm-none-eabi/lib/thumb/v6-m/nofp\libc_nano.a(libc_a-freer.o)
 .bss           0x00000000        0x0 C:/Users/mr.smith/scoop/apps/gcc-arm-none-eabi/15.2.rel1/bin/../lib/gcc/arm-none-eabi/15.2.1/../../../../arm-none-eabi/lib/thumb/v6-m/nofp\libc_nano.a(libc_a-freer.o)
 .text._free_r  0x00000000       0x94 C:/Users/mr.smith/scoop/apps/gcc-arm-none-eabi/15.2.rel1/bin/../lib/gcc/arm-none-eabi/15.2.1/../../../../arm-none-eabi/lib/thumb/v6-m/nofp\libc_nano.a(libc_a-freer.o)
 .debug_frame   0x00000000       0x2c C:/Users/mr.smith/scoop/apps/gcc-arm-none-eabi/15.2.rel1/bin/../lib/gcc/arm-none-eabi/15.2.1/../../../../arm-none-eabi/lib/thumb/v6-m/nofp\libc_nano.a(libc_a-freer.o)
 .ARM.attributes
                0x00000000       0x2c C:/Users/mr.smith/scoop/apps/gcc-arm-none-eabi/15.2.rel1/bin/../lib/gcc/arm-none-eabi/15.2.1/../../../../arm-none-eabi/lib/thumb/v6-m/nofp\libc_nano.a(libc_a-freer.o)
 .text          0x00000000        0x0 C:/Users/mr.smith/scoop/apps/gcc-arm-none-eabi/15.2.rel1/bin/../lib/gcc/arm-none-eabi/15.2.1/../../../../arm-none-eabi/lib/thumb/v6-m/nofp\libc_nano.a(libc_a-reent.o)
 .data          0x00000000        0x0 C:/Users/mr.smith/scoop/apps/gcc-arm-none-eabi/15.2.rel1/bin/../lib/gcc/arm-none-eabi/15.2.1/../../../../arm-none-eabi/lib/thumb/v6-m/nofp\libc_nano.a(libc_a-reent.o)
 .bss           0x00000000        0x0 C:/Users/mr.smith/scoop/apps/gcc-arm-none-eabi/15.2.rel1/bin/../lib/gcc/arm-none-eabi/15.2.1/../../../../arm-none-eabi/lib/thumb/v6-m/nofp\libc_nano.a(libc_a-reent.o)
 .text._reclaim_reent
                0x00000000       0xd4 C:/Users/mr.smith/scoop/apps/gcc-arm-none-eabi/15.2.rel1/bin/../lib/gcc/arm-none-eabi/15.2.1/../../../../arm-none-eabi/lib/thumb/v6-m/nofp\libc_nano.a(libc_a-reent.o)
 .bss.errno     0x00000000        0x4 C:/Users/mr.smith/scoop/apps/gcc-arm-none-eabi/15.2.rel1/bin/../lib/gcc/arm-none-eabi/15.2.1/../../../../arm-none-eabi/lib/thumb/v6-m/nofp\libc_nano.a(libc_a-reent.o)
 .debug_frame   0x00000000       0x2c C:/Users/mr.smith/scoop/apps/gcc-arm-none-eabi/15.2.rel1/bin/../lib/gcc/arm-none-eabi/15.2.1/../../../../arm-none-eabi/lib/thumb/v6-m/nofp\libc_nano.a(libc_a-reent.o)
 .ARM.attributes
                0x00000000       0x2c C:/Users/mr.smith/scoop/apps/gcc-arm-none-eabi/15.2.rel1/bin/../lib/gcc/arm-none-eabi/15.2.1/../../../../arm-none-eabi/lib/thumb/v6-m/nofp\libc_nano.a(libc_a-reent.o)
 .text          0x00000000        0x0 C:/Users/mr.smith/scoop/apps/gcc-arm-none-eabi/15.2.rel1/bin/../lib/gcc/arm-none-eabi/15.2.1/../../../../arm-none-eabi/lib/thumb/v6-m/nofp\libnosys.a(sbrk.o)
 .data          0x00000000        0x0 C:/Users/mr.smith/scoop/apps/gcc-arm-none-eabi/15.2.rel1/bin/../lib/gcc/arm-none-eabi/15.2.1/../../../../arm-none-eabi/lib/thumb/v6-m/nofp\libnosys.a(sbrk.o)
 .bss           0x00000000        0x0 C:/Users/mr.smith/scoop/apps/gcc-arm-none-eabi/15.2.rel1/bin/../lib/gcc/arm-none-eabi/15.2.1/../../../../arm-none-eabi/lib/thumb/v6-m/nofp\libnosys.a(sbrk.o)
 .text._sbrk    0x00000000       0x1c C:/Users/mr.smith/scoop/apps/gcc-arm-none-eabi/15.2.rel1/bin/../lib/gcc/arm-none-eabi/15.2.1/../../../../arm-none-eabi/lib/thumb/v6-m/nofp\libnosys.a(sbrk.o)
 .bss.heap_end.0
                0x00000000        0x4 C:/Users/mr.smith/scoop/apps/gcc-arm-none-eabi/15.2.rel1/bin/../lib/gcc/arm-none-eabi/15.2.1/../../../../arm-none-eabi/lib/thumb/v6-m/nofp\libnosys.a(sbrk.o)
 .debug_frame   0x00000000       0x20 C:/Users/mr.smith/scoop/apps/gcc-arm-none-eabi/15.2.rel1/bin/../lib/gcc/arm-none-eabi/15.2.1/../../../../arm-none-eabi/lib/thumb/v6-m/nofp\libnosys.a(sbrk.o)
 .ARM.attributes
                0x00000000       0x2c C:/Users/mr.smith/scoop/apps/gcc-arm-none-eabi/15.2.rel1/bin/../lib/gcc/arm-none-eabi/15.2.1/../../../../arm-none-eabi/lib/thumb/v6-m/nofp\libnosys.a(sbrk.o)
 .text          0x00000000        0x0 C:/Users/mr.smith/scoop/apps/gcc-arm-none-eabi/15.2.rel1/bin/../lib/gcc/arm-none-eabi/15.2.1/../../../../arm-none-eabi/lib/thumb/v6-m/nofp\libnosys.a(_exit.o)
 .data          0x00000000        0x0 C:/Users/mr.smith/scoop/apps/gcc-arm-none-eabi/15.2.rel1/bin/../lib/gcc/arm-none-eabi/15.2.1/../../../../arm-none-eabi/lib/thumb/v6-m/nofp\libnosys.a(_exit.o)
 .bss           0x00000000        0x0 C:/Users/mr.smith/scoop/apps/gcc-arm-none-eabi/15.2.rel1/bin/../lib/gcc/arm-none-eabi/15.2.1/../../../../arm-none-eabi/lib/thumb/v6-m/nofp\libnosys.a(_exit.o)
 .text._exit    0x00000000        0x4 C:/Users/mr.smith/scoop/apps/gcc-arm-none-eabi/15.2.rel1/bin/../lib/gcc/arm-none-eabi/15.2.1/../../../../arm-none-eabi/lib/thumb/v6-m/nofp\libnosys.a(_exit.o)
 .debug_frame   0x00000000       0x20 C:/Users/mr.smith/scoop/apps/gcc-arm-none-eabi/15.2.rel1/bin/../lib/gcc/arm-none-eabi/15.2.1/../../../../arm-none-eabi/lib/thumb/v6-m/nofp\libnosys.a(_exit.o)
 .ARM.attributes
                0x00000000       0x2c C:/Users/mr.smith/scoop/apps/gcc-arm-none-eabi/15.2.rel1/bin/../lib/gcc/arm-none-eabi/15.2.1/../../../../arm-none-eabi/lib/thumb/v6-m/nofp\libnosys.a(_exit.o)
 .text          0x00000000      0x114 C:/Users/mr.smith/scoop/apps/gcc-arm-none-eabi/15.2.rel1/bin/../lib/gcc/arm-none-eabi/15.2.1/thumb/v6-m/nofp\libgcc.a(_udivsi3.o)
 .data          0x00000000        0x0 C:/Users/mr.smith/scoop/apps/gcc-arm-none-eabi/15.2.rel1/bin/../lib/gcc/arm-none-eabi/15.2.1/thumb/v6-m/nofp\libgcc.a(_udivsi3.o)
 .bss           0x00000000        0x0 C:/Users/mr.smith/scoop/apps/gcc-arm-none-eabi/15.2.rel1/bin/../lib/gcc/arm-none-eabi/15.2.1/thumb/v6-m/nofp\libgcc.a(_udivsi3.o)
 .debug_frame   0x00000000       0x20 C:/Users/mr.smith/scoop/apps/gcc-arm-none-eabi/15.2.rel1/bin/../lib/gcc/arm-none-eabi/15.2.1/thumb/v6-m/nofp\libgcc.a(_udivsi3.o)
 .debug_line_str
                0x00000000       0xc9 C:/Users/mr.smith/scoop/apps/gcc-arm-none-eabi/15.2.rel1/bin/../lib/gcc/arm-none-eabi/15.2.1/thumb/v6-m/nofp\libgcc.a(_udivsi3.o)
 .ARM.attributes
                0x00000000       0x1e C:/Users/mr.smith/scoop/apps/gcc-arm-none-eabi/15.2.rel1/bin/../lib/gcc/arm-none-eabi/15.2.1/thumb/v6-m/nofp\libgcc.a(_udivsi3.o)
 .text          0x00000000        0x4 C:/Users/mr.smith/scoop/apps/gcc-arm-none-eabi/15.2.rel1/bin/../lib/gcc/arm-none-eabi/15.2.1/thumb/v6-m/nofp\libgcc.a(_dvmd_tls.o)
 .data          0x00000000        0x0 C:/Users/mr.smith/scoop/apps/gcc-arm-none-eabi/15.2.rel1/bin/../lib/gcc/arm-none-eabi/15.2.1/thumb/v6-m/nofp\libgcc.a(_dvmd_tls.o)
 .bss           0x00000000        0x0 C:/Users/mr.smith/scoop/apps/gcc-arm-none-eabi/15.2.rel1/bin/../lib/gcc/arm-none-eabi/15.2.1/thumb/v6-m/nofp\libgcc.a(_dvmd_tls.o)
 .debug_line_str
                0x00000000       0xc9 C:/Users/mr.smith/scoop/apps/gcc-arm-none-eabi/15.2.rel1/bin/../lib/gcc/arm-none-eabi/15.2.1/thumb/v6-m/nofp\libgcc.a(_dvmd_tls.o)
 .ARM.attributes
                0x00000000       0x1e C:/Users/mr.smith/scoop/apps/gcc-arm-none-eabi/15.2.rel1/bin/../lib/gcc/arm-none-eabi/15.2.1/thumb/v6-m/nofp\libgcc.a(_dvmd_tls.o)
 .text          0x00000000        0x0 C:/Users/mr.smith/scoop/apps/gcc-arm-none-eabi/15.2.rel1/bin/../lib/gcc/arm-none-eabi/15.2.1/thumb/v6-m/nofp/crtend.o
 .data          0x00000000        0x0 C:/Users/mr.smith/scoop/apps/gcc-arm-none-eabi/15.2.rel1/bin/../lib/gcc/arm-none-eabi/15.2.1/thumb/v6-m/nofp/crtend.o
 .bss           0x00000000        0x0 C:/Users/mr.smith/scoop/apps/gcc-arm-none-eabi/15.2.rel1/bin/../lib/gcc/arm-none-eabi/15.2.1/thumb/v6-m/nofp/crtend.o
 .rodata.all_implied_fbits
                0x00000000       0x24 C:/Users/mr.smith/scoop/apps/gcc-arm-none-eabi/15.2.rel1/bin/../lib/gcc/arm-none-eabi/15.2.1/thumb/v6-m/nofp/crtend.o
 .eh_frame      0x00000000        0x4 C:/Users/mr.smith/scoop/apps/gcc-arm-none-eabi/15.2.rel1/bin/../lib/gcc/arm-none-eabi/15.2.1/thumb/v6-m/nofp/crtend.o
 .text          0x00000000        0x0 C:/Users/mr.smith/scoop/apps/gcc-arm-none-eabi/15.2.rel1/bin/../lib/gcc/arm-none-eabi/15.2.1/thumb/v6-m/nofp/crtn.o
 .data          0x00000000        0x0 C:/Users/mr.smith/scoop/apps/gcc-arm-none-eabi/15.2.rel1/bin/../lib/gcc/arm-none-eabi/15.2.1/thumb/v6-m/nofp/crtn.o
 .bss           0x00000000        0x0 C:/Users/mr.smith/scoop/apps/gcc-arm-none-eabi/15.2.rel1/bin/../lib/gcc/arm-none-eabi/15.2.1/thumb/v6-m/nofp/crtn.o

Memory Configuration

Name             Origin             Length             Attributes
RAM              0x20000000         0x00002000         xrw
FLASH            0x08000000         0x00010000         xr
*default*        0x00000000         0xffffffff

Linker script and memory map

LOAD C:/Users/mr.smith/scoop/apps/gcc-arm-none-eabi/15.2.rel1/bin/../lib/gcc/arm-none-eabi/15.2.1/thumb/v6-m/nofp/crti.o
LOAD C:/Users/mr.smith/scoop/apps/gcc-arm-none-eabi/15.2.rel1/bin/../lib/gcc/arm-none-eabi/15.2.1/thumb/v6-m/nofp/crtbegin.o
LOAD C:/Users/mr.smith/scoop/apps/gcc-arm-none-eabi/15.2.rel1/bin/../lib/gcc/arm-none-eabi/15.2.1/../../../../arm-none-eabi/lib/thumb/v6-m/nofp/crt0.o
LOAD _build/main.o
LOAD _build/system_stm32g0xx.o
LOAD _build/startup_stm32g031xx.o
LOAD C:/Users/mr.smith/scoop/apps/gcc-arm-none-eabi/15.2.rel1/bin/../lib/gcc/arm-none-eabi/15.2.1/../../../../arm-none-eabi/lib/thumb/v6-m/nofp\libc_nano.a
LOAD C:/Users/mr.smith/scoop/apps/gcc-arm-none-eabi/15.2.rel1/bin/../lib/gcc/arm-none-eabi/15.2.1/../../../../arm-none-eabi/lib/thumb/v6-m/nofp\libm.a
LOAD C:/Users/mr.smith/scoop/apps/gcc-arm-none-eabi/15.2.rel1/bin/../lib/gcc/arm-none-eabi/15.2.1/../../../../arm-none-eabi/lib/thumb/v6-m/nofp\libnosys.a
START GROUP
LOAD C:/Users/mr.smith/scoop/apps/gcc-arm-none-eabi/15.2.rel1/bin/../lib/gcc/arm-none-eabi/15.2.1/thumb/v6-m/nofp\libgcc.a
LOAD C:/Users/mr.smith/scoop/apps/gcc-arm-none-eabi/15.2.rel1/bin/../lib/gcc/arm-none-eabi/15.2.1/../../../../arm-none-eabi/lib/thumb/v6-m/nofp\libg_nano.a
LOAD C:/Users/mr.smith/scoop/apps/gcc-arm-none-eabi/15.2.rel1/bin/../lib/gcc/arm-none-eabi/15.2.1/../../../../arm-none-eabi/lib/thumb/v6-m/nofp\libc_nano.a
END GROUP
START GROUP
LOAD C:/Users/mr.smith/scoop/apps/gcc-arm-none-eabi/15.2.rel1/bin/../lib/gcc/arm-none-eabi/15.2.1/thumb/v6-m/nofp\libgcc.a
LOAD C:/Users/mr.smith/scoop/apps/gcc-arm-none-eabi/15.2.rel1/bin/../lib/gcc/arm-none-eabi/15.2.1/../../../../arm-none-eabi/lib/thumb/v6-m/nofp\libc_nano.a
END GROUP
LOAD C:/Users/mr.smith/scoop/apps/gcc-arm-none-eabi/15.2.rel1/bin/../lib/gcc/arm-none-eabi/15.2.1/thumb/v6-m/nofp/crtend.o
LOAD C:/Users/mr.smith/scoop/apps/gcc-arm-none-eabi/15.2.rel1/bin/../lib/gcc/arm-none-eabi/15.2.1/thumb/v6-m/nofp/crtn.o
                0x20002000                        _estack = 0x20002000
                0x00000000                        _Min_Heap_Size = 0x0
                0x00000200                        _Min_Stack_Size = 0x200

.isr_vector     0x08000000       0xbc
                0x08000000                        . = ALIGN (0x4)
 *(.isr_vector)
 .isr_vector    0x08000000       0xbc _build/startup_stm32g031xx.o
                0x08000000                g_pfnVectors
                0x080000bc                        . = ALIGN (0x4)

.text           0x080000bc      0x1b8
                0x080000bc                        . = ALIGN (0x4)
 *(.text)
 *(.text*)
 .text.deregister_tm_clones
                0x080000bc       0x20 C:/Users/mr.smith/scoop/apps/gcc-arm-none-eabi/15.2.rel1/bin/../lib/gcc/arm-none-eabi/15.2.1/thumb/v6-m/nofp/crtbegin.o
 .text.register_tm_clones
                0x080000dc       0x28 C:/Users/mr.smith/scoop/apps/gcc-arm-none-eabi/15.2.rel1/bin/../lib/gcc/arm-none-eabi/15.2.1/thumb/v6-m/nofp/crtbegin.o
 .text.__do_global_dtors_aux
                0x08000104       0x2c C:/Users/mr.smith/scoop/apps/gcc-arm-none-eabi/15.2.rel1/bin/../lib/gcc/arm-none-eabi/15.2.1/thumb/v6-m/nofp/crtbegin.o
 .text.frame_dummy
                0x08000130       0x24 C:/Users/mr.smith/scoop/apps/gcc-arm-none-eabi/15.2.rel1/bin/../lib/gcc/arm-none-eabi/15.2.1/thumb/v6-m/nofp/crtbegin.o
 .text.main     0x08000154       0x68 _build/main.o
                0x08000154                main
 .text.SystemInit
                0x080001bc        0x2 _build/system_stm32g0xx.o
                0x080001bc                SystemInit
 *fill*         0x080001be        0x2 
 .text.Reset_Handler
                0x080001c0       0x50 _build/startup_stm32g031xx.o
                0x080001c0                Reset_Handler
 .text.Default_Handler
                0x08000210        0x2 _build/startup_stm32g031xx.o
                0x08000210                TIM1_CC_IRQHandler
                0x08000210                HardFault_Handler
                0x08000210                SysTick_Handler
                0x08000210                PVD_IRQHandler
                0x08000210                PendSV_Handler
                0x08000210                NMI_Handler
                0x08000210                I2C1_IRQHandler
                0x08000210                LPTIM2_IRQHandler
                0x08000210                RTC_TAMP_IRQHandler
                0x08000210                SPI1_IRQHandler
                0x08000210                DMA1_Ch4_5_DMAMUX1_OVR_IRQHandler
                0x08000210                EXTI2_3_IRQHandler
                0x08000210                ADC1_IRQHandler
                0x08000210                I2C2_IRQHandler
                0x08000210                TIM17_IRQHandler
                0x08000210                TIM16_IRQHandler
                0x08000210                TIM3_IRQHandler
                0x08000210                EXTI4_15_IRQHandler
                0x08000210                RCC_IRQHandler
                0x08000210                DMA1_Channel1_IRQHandler
                0x08000210                Default_Handler
                0x08000210                TIM14_IRQHandler
                0x08000210                EXTI0_1_IRQHandler
                0x08000210                SPI2_IRQHandler
                0x08000210                SVC_Handler
                0x08000210                WWDG_IRQHandler
                0x08000210                LPUART1_IRQHandler
                0x08000210                TIM2_IRQHandler
                0x08000210                DMA1_Channel2_3_IRQHandler
                0x08000210                USART2_IRQHandler
                0x08000210                FLASH_IRQHandler
                0x08000210                USART1_IRQHandler
                0x08000210                TIM1_BRK_UP_TRG_COM_IRQHandler
                0x08000210                LPTIM1_IRQHandler
 *fill*         0x08000212        0x2 
 .text.__libc_init_array
                0x08000214       0x48 C:/Users/mr.smith/scoop/apps/gcc-arm-none-eabi/15.2.rel1/bin/../lib/gcc/arm-none-eabi/15.2.1/../../../../arm-none-eabi/lib/thumb/v6-m/nofp\libc_nano.a(libc_a-init.o)
                0x08000214                __libc_init_array
 *(.glue_7)
 .glue_7        0x0800025c        0x0 linker stubs
 *(.glue_7t)
 .glue_7t       0x0800025c        0x0 linker stubs
 *(.eh_frame)
 .eh_frame      0x0800025c        0x0 C:/Users/mr.smith/scoop/apps/gcc-arm-none-eabi/15.2.rel1/bin/../lib/gcc/arm-none-eabi/15.2.1/thumb/v6-m/nofp/crtbegin.o
 *(.init)
 .init          0x0800025c        0x4 C:/Users/mr.smith/scoop/apps/gcc-arm-none-eabi/15.2.rel1/bin/../lib/gcc/arm-none-eabi/15.2.1/thumb/v6-m/nofp/crti.o
                0x0800025c                _init
 .init          0x08000260        0x8 C:/Users/mr.smith/scoop/apps/gcc-arm-none-eabi/15.2.rel1/bin/../lib/gcc/arm-none-eabi/15.2.1/thumb/v6-m/nofp/crtn.o
 *(.fini)
 .fini          0x08000268        0x4 C:/Users/mr.smith/scoop/apps/gcc-arm-none-eabi/15.2.rel1/bin/../lib/gcc/arm-none-eabi/15.2.1/thumb/v6-m/nofp/crti.o
                0x08000268                _fini
 .fini          0x0800026c        0x8 C:/Users/mr.smith/scoop/apps/gcc-arm-none-eabi/15.2.rel1/bin/../lib/gcc/arm-none-eabi/15.2.1/thumb/v6-m/nofp/crtn.o
                0x08000274                        . = ALIGN (0x4)
                0x08000274                        _etext = .

.vfp11_veneer   0x08000274        0x0
 .vfp11_veneer  0x08000274        0x0 linker stubs

.v4_bx          0x08000274        0x0
 .v4_bx         0x08000274        0x0 linker stubs

.iplt           0x08000274        0x0
 .iplt          0x08000274        0x0 C:/Users/mr.smith/scoop/apps/gcc-arm-none-eabi/15.2.rel1/bin/../lib/gcc/arm-none-eabi/15.2.1/thumb/v6-m/nofp/crtbegin.o

.rel.dyn        0x08000274        0x0
 .rel.iplt      0x08000274        0x0 C:/Users/mr.smith/scoop/apps/gcc-arm-none-eabi/15.2.rel1/bin/../lib/gcc/arm-none-eabi/15.2.1/thumb/v6-m/nofp/crtbegin.o

.rodata         0x08000274        0x0
                0x08000274                        . = ALIGN (0x4)
 *(.rodata)
 *(.rodata*)
                0x08000274                        . = ALIGN (0x4)

.ARM.extab
 *(.ARM.extab* .gnu.linkonce.armextab.*)

.ARM            0x08000274        0x0
                0x08000274                        __exidx_start = .
 *(.ARM.exidx*)
                0x08000274                        __exidx_end = .

.preinit_array  0x08000274        0x0
                0x08000274                        PROVIDE (__preinit_array_start = .)
 *(.preinit_array*)
                0x08000274                        PROVIDE (__preinit_array_end = .)

.init_array     0x08000274        0x4
                0x08000274                        PROVIDE (__init_array_start = .)
 *(SORT_BY_NAME(.init_array.*))
 *(.init_array*)
 .init_array    0x08000274        0x4 C:/Users/mr.smith/scoop/apps/gcc-arm-none-eabi/15.2.rel1/bin/../lib/gcc/arm-none-eabi/15.2.1/thumb/v6-m/nofp/crtbegin.o
                0x08000278                        PROVIDE (__init_array_end = .)

.fini_array     0x08000278        0x4
                [!provide]                        PROVIDE (__fini_array_start = .)
 *(SORT_BY_NAME(.fini_array.*))
 *(.fini_array*)
 .fini_array    0x08000278        0x4 C:/Users/mr.smith/scoop/apps/gcc-arm-none-eabi/15.2.rel1/bin/../lib/gcc/arm-none-eabi/15.2.1/thumb/v6-m/nofp/crtbegin.o
                [!provide]                        PROVIDE (__fini_array_end = .)
                0x0800027c                        _sidata = LOADADDR (.data)

.data           0x20000000        0x0 load address 0x0800027c
                0x20000000                        . = ALIGN (0x4)
                0x20000000                        _sdata = .
 *(.data)
 *(.data*)
                0x20000000                        . = ALIGN (0x4)
                0x20000000                        _edata = .

.tm_clone_table
                0x20000000        0x0 load address 0x0800027c
 .tm_clone_table
                0x20000000        0x0 C:/Users/mr.smith/scoop/apps/gcc-arm-none-eabi/15.2.rel1/bin/../lib/gcc/arm-none-eabi/15.2.1/thumb/v6-m/nofp/crtbegin.o
 .tm_clone_table
                0x20000000        0x0 C:/Users/mr.smith/scoop/apps/gcc-arm-none-eabi/15.2.rel1/bin/../lib/gcc/arm-none-eabi/15.2.1/thumb/v6-m/nofp/crtend.o

.igot.plt       0x20000000        0x0 load address 0x0800027c
 .igot.plt      0x20000000        0x0 C:/Users/mr.smith/scoop/apps/gcc-arm-none-eabi/15.2.rel1/bin/../lib/gcc/arm-none-eabi/15.2.1/thumb/v6-m/nofp/crtbegin.o
                0x20000000                        . = ALIGN (0x4)

.bss            0x20000000       0x28 load address 0x0800027c
                0x20000000                        _sbss = .
                0x20000000                        __bss_start__ = _sbss
 *(.bss)
 *(.bss*)
 .bss.completed.1
                0x20000000        0x1 C:/Users/mr.smith/scoop/apps/gcc-arm-none-eabi/15.2.rel1/bin/../lib/gcc/arm-none-eabi/15.2.1/thumb/v6-m/nofp/crtbegin.o
 *fill*         0x20000001        0x3 
 .bss.object.0  0x20000004       0x18 C:/Users/mr.smith/scoop/apps/gcc-arm-none-eabi/15.2.rel1/bin/../lib/gcc/arm-none-eabi/15.2.1/thumb/v6-m/nofp/crtbegin.o
 *fill*         0x2000001c        0x4 
 .bss.system_uptime
                0x20000020        0x8 _build/main.o
                0x20000020                system_uptime
 *(COMMON)
                0x20000028                        . = ALIGN (0x4)
                0x20000028                        _ebss = .
                0x20000028                        __bss_end__ = _ebss

/DISCARD/
 libc.a(*)
 libm.a(*)
 libgcc.a(*)

.ARM.attributes
                0x00000000       0x28
 *(.ARM.attributes)
 .ARM.attributes
                0x00000000       0x1e C:/Users/mr.smith/scoop/apps/gcc-arm-none-eabi/15.2.rel1/bin/../lib/gcc/arm-none-eabi/15.2.1/thumb/v6-m/nofp/crti.o
 .ARM.attributes
                0x0000001e       0x2c C:/Users/mr.smith/scoop/apps/gcc-arm-none-eabi/15.2.rel1/bin/../lib/gcc/arm-none-eabi/15.2.1/thumb/v6-m/nofp/crtbegin.o
 .ARM.attributes
                0x0000004a       0x2c _build/main.o
 .ARM.attributes
                0x00000076       0x2c _build/system_stm32g0xx.o
 .ARM.attributes
                0x000000a2       0x22 _build/startup_stm32g031xx.o
 .ARM.attributes
                0x000000c4       0x2c C:/Users/mr.smith/scoop/apps/gcc-arm-none-eabi/15.2.rel1/bin/../lib/gcc/arm-none-eabi/15.2.1/../../../../arm-none-eabi/lib/thumb/v6-m/nofp\libc_nano.a(libc_a-init.o)
 .ARM.attributes
                0x000000f0       0x2c C:/Users/mr.smith/scoop/apps/gcc-arm-none-eabi/15.2.rel1/bin/../lib/gcc/arm-none-eabi/15.2.1/thumb/v6-m/nofp/crtend.o
 .ARM.attributes
                0x0000011c       0x1e C:/Users/mr.smith/scoop/apps/gcc-arm-none-eabi/15.2.rel1/bin/../lib/gcc/arm-none-eabi/15.2.1/thumb/v6-m/nofp/crtn.o
OUTPUT(_build/Project.elf elf32-littlearm)
LOAD linker stubs
LOAD C:/Users/mr.smith/scoop/apps/gcc-arm-none-eabi/15.2.rel1/bin/../lib/gcc/arm-none-eabi/15.2.1/../../../../arm-none-eabi/lib/thumb/v6-m/nofp\libc.a
LOAD C:/Users/mr.smith/scoop/apps/gcc-arm-none-eabi/15.2.rel1/bin/../lib/gcc/arm-none-eabi/15.2.1/../../../../arm-none-eabi/lib/thumb/v6-m/nofp\libm.a
LOAD C:/Users/mr.smith/scoop/apps/gcc-arm-none-eabi/15.2.rel1/bin/../lib/gcc/arm-none-eabi/15.2.1/thumb/v6-m/nofp\libgcc.a

.debug_info     0x00000000      0x7d2
 .debug_info    0x00000000      0x49f _build/main.o
 .debug_info    0x0000049f      0x303 _build/system_stm32g0xx.o
 .debug_info    0x000007a2       0x30 _build/startup_stm32g031xx.o

.debug_abbrev   0x00000000      0x307
 .debug_abbrev  0x00000000      0x1ac _build/main.o
 .debug_abbrev  0x000001ac      0x137 _build/system_stm32g0xx.o
 .debug_abbrev  0x000002e3       0x24 _build/startup_stm32g031xx.o

.debug_aranges  0x00000000       0xa8
 .debug_aranges
                0x00000000       0x58 _build/main.o
 .debug_aranges
                0x00000058       0x28 _build/system_stm32g0xx.o
 .debug_aranges
                0x00000080       0x28 _build/startup_stm32g031xx.o

.debug_rnglists
                0x00000000       0x7c
 .debug_rnglists
                0x00000000       0x49 _build/main.o
 .debug_rnglists
                0x00000049       0x1a _build/system_stm32g0xx.o
 .debug_rnglists
                0x00000063       0x19 _build/startup_stm32g031xx.o

.debug_macro    0x00000000     0xc900
 .debug_macro   0x00000000       0xd7 _build/main.o
 .debug_macro   0x000000d7      0xac0 _build/main.o
 .debug_macro   0x00000b97       0x40 _build/main.o
 .debug_macro   0x00000bd7       0x28 _build/main.o
 .debug_macro   0x00000bff       0x22 _build/main.o
 .debug_macro   0x00000c21       0x8e _build/main.o
 .debug_macro   0x00000caf       0x51 _build/main.o
 .debug_macro   0x00000d00      0x103 _build/main.o
 .debug_macro   0x00000e03       0x6a _build/main.o
 .debug_macro   0x00000e6d      0x1df _build/main.o
 .debug_macro   0x0000104c       0x1c _build/main.o
 .debug_macro   0x00001068       0x22 _build/main.o
 .debug_macro   0x0000108a       0xd1 _build/main.o
 .debug_macro   0x0000115b      0x4da _build/main.o
 .debug_macro   0x00001635      0x11f _build/main.o
 .debug_macro   0x00001754     0xac8e _build/main.o
 .debug_macro   0x0000c3e2      0x1f7 _build/main.o
 .debug_macro   0x0000c5d9      0x1b8 _build/main.o
 .debug_macro   0x0000c791       0xdb _build/system_stm32g0xx.o
 .debug_macro   0x0000c86c       0x2e _build/system_stm32g0xx.o
 .debug_macro   0x0000c89a       0x66 _build/system_stm32g0xx.o

.debug_line     0x00000000      0x81e
 .debug_line    0x00000000      0x41b _build/main.o
 .debug_line    0x0000041b      0x388 _build/system_stm32g0xx.o
 .debug_line    0x000007a3       0x7b _build/startup_stm32g031xx.o

.debug_str      0x00000000    0x4814b
 .debug_str     0x00000000    0x4814b _build/main.o
                              0x47c7b (size before relaxing)
 .debug_str     0x0004814b        0x0 _build/system_stm32g0xx.o
                              0x452ea (size before relaxing)
 .debug_str     0x0004814b        0x0 _build/startup_stm32g031xx.o
                                 0x7c (size before relaxing)

.comment        0x00000000       0x45
 .comment       0x00000000       0x45 _build/main.o
                                 0x46 (size before relaxing)
 .comment       0x00000045        0x0 _build/system_stm32g0xx.o
                                 0x46 (size before relaxing)

.debug_frame    0x00000000      0x100
 .debug_frame   0x00000000       0x9c _build/main.o
 .debug_frame   0x0000009c       0x38 _build/system_stm32g0xx.o
 .debug_frame   0x000000d4       0x2c C:/Users/mr.smith/scoop/apps/gcc-arm-none-eabi/15.2.rel1/bin/../lib/gcc/arm-none-eabi/15.2.1/../../../../arm-none-eabi/lib/thumb/v6-m/nofp\libc_nano.a(libc_a-init.o)

.debug_loclists
                0x00000000       0x6d
 .debug_loclists
                0x00000000       0x6d _build/system_stm32g0xx.o

.debug_line_str
                0x00000000       0x60
 .debug_line_str
                0x00000000       0x60 _build/startup_stm32g031xx.o

Cross Reference Table

Symbol                                            File
ADC1_IRQHandler                                   _build/startup_stm32g031xx.o
AHBPrescTable                                     _build/system_stm32g0xx.o
APBPrescTable                                     _build/system_stm32g0xx.o
DMA1_Ch4_5_DMAMUX1_OVR_IRQHandler                 _build/startup_stm32g031xx.o
DMA1_Channel1_IRQHandler                          _build/startup_stm32g031xx.o
DMA1_Channel2_3_IRQHandler                        _build/startup_stm32g031xx.o
Default_Handler                                   _build/startup_stm32g031xx.o
EXTI0_1_IRQHandler                                _build/startup_stm32g031xx.o
EXTI2_3_IRQHandler                                _build/startup_stm32g031xx.o
EXTI4_15_IRQHandler                               _build/startup_stm32g031xx.o
FLASH_IRQHandler                                  _build/startup_stm32g031xx.o
HardFault_Handler                                 _build/startup_stm32g031xx.o
I2C1_IRQHandler                                   _build/startup_stm32g031xx.o
I2C2_IRQHandler                                   _build/startup_stm32g031xx.o
LPTIM1_IRQHandler                                 _build/startup_stm32g031xx.o
LPTIM2_IRQHandler                                 _build/startup_stm32g031xx.o
LPUART1_IRQHandler                                _build/startup_stm32g031xx.o
NMI_Handler                                       _build/startup_stm32g031xx.o
PVD_IRQHandler                                    _build/startup_stm32g031xx.o
PendSV_Handler                                    _build/startup_stm32g031xx.o
RCC_IRQHandler                                    _build/startup_stm32g031xx.o
RTC_TAMP_IRQHandler                               _build/startup_stm32g031xx.o
Reset_Handler                                     _build/startup_stm32g031xx.o
SPI1_IRQHandler                                   _build/startup_stm32g031xx.o
SPI2_IRQHandler                                   _build/startup_stm32g031xx.o
SVC_Handler                                       _build/startup_stm32g031xx.o
SysTick_Handler                                   _build/startup_stm32g031xx.o
SystemCoreClock                                   _build/system_stm32g0xx.o
SystemCoreClockUpdate                             _build/system_stm32g0xx.o
SystemInit                                        _build/system_stm32g0xx.o
                                                  _build/startup_stm32g031xx.o
TIM14_IRQHandler                                  _build/startup_stm32g031xx.o
TIM16_IRQHandler                                  _build/startup_stm32g031xx.o
TIM17_IRQHandler                                  _build/startup_stm32g031xx.o
TIM1_BRK_UP_TRG_COM_IRQHandler                    _build/startup_stm32g031xx.o
TIM1_CC_IRQHandler                                _build/startup_stm32g031xx.o
TIM2_IRQHandler                                   _build/startup_stm32g031xx.o
TIM3_IRQHandler                                   _build/startup_stm32g031xx.o
USART1_IRQHandler                                 _build/startup_stm32g031xx.o
USART2_IRQHandler                                 _build/startup_stm32g031xx.o
WWDG_IRQHandler                                   _build/startup_stm32g031xx.o
_ITM_deregisterTMCloneTable                       C:/Users/mr.smith/scoop/apps/gcc-arm-none-eabi/15.2.rel1/bin/../lib/gcc/arm-none-eabi/15.2.1/thumb/v6-m/nofp/crtbegin.o
_ITM_registerTMCloneTable                         C:/Users/mr.smith/scoop/apps/gcc-arm-none-eabi/15.2.rel1/bin/../lib/gcc/arm-none-eabi/15.2.1/thumb/v6-m/nofp/crtbegin.o
__TMC_END__                                       C:/Users/mr.smith/scoop/apps/gcc-arm-none-eabi/15.2.rel1/bin/../lib/gcc/arm-none-eabi/15.2.1/thumb/v6-m/nofp/crtend.o
                                                  C:/Users/mr.smith/scoop/apps/gcc-arm-none-eabi/15.2.rel1/bin/../lib/gcc/arm-none-eabi/15.2.1/thumb/v6-m/nofp/crtbegin.o
__aeabi_idiv0                                     C:/Users/mr.smith/scoop/apps/gcc-arm-none-eabi/15.2.rel1/bin/../lib/gcc/arm-none-eabi/15.2.1/thumb/v6-m/nofp\libgcc.a(_dvmd_tls.o)
                                                  C:/Users/mr.smith/scoop/apps/gcc-arm-none-eabi/15.2.rel1/bin/../lib/gcc/arm-none-eabi/15.2.1/thumb/v6-m/nofp\libgcc.a(_udivsi3.o)
__aeabi_ldiv0                                     C:/Users/mr.smith/scoop/apps/gcc-arm-none-eabi/15.2.rel1/bin/../lib/gcc/arm-none-eabi/15.2.1/thumb/v6-m/nofp\libgcc.a(_dvmd_tls.o)
__aeabi_uidiv                                     C:/Users/mr.smith/scoop/apps/gcc-arm-none-eabi/15.2.rel1/bin/../lib/gcc/arm-none-eabi/15.2.1/thumb/v6-m/nofp\libgcc.a(_udivsi3.o)
                                                  _build/system_stm32g0xx.o
__aeabi_uidivmod                                  C:/Users/mr.smith/scoop/apps/gcc-arm-none-eabi/15.2.rel1/bin/../lib/gcc/arm-none-eabi/15.2.1/thumb/v6-m/nofp\libgcc.a(_udivsi3.o)
__bss_end__                                       C:/Users/mr.smith/scoop/apps/gcc-arm-none-eabi/15.2.rel1/bin/../lib/gcc/arm-none-eabi/15.2.1/../../../../arm-none-eabi/lib/thumb/v6-m/nofp/crt0.o
__bss_start__                                     C:/Users/mr.smith/scoop/apps/gcc-arm-none-eabi/15.2.rel1/bin/../lib/gcc/arm-none-eabi/15.2.1/../../../../arm-none-eabi/lib/thumb/v6-m/nofp/crt0.o
__call_exitprocs                                  C:/Users/mr.smith/scoop/apps/gcc-arm-none-eabi/15.2.rel1/bin/../lib/gcc/arm-none-eabi/15.2.1/../../../../arm-none-eabi/lib/thumb/v6-m/nofp\libc_nano.a(libc_a-exit.o)
__deregister_frame_info                           C:/Users/mr.smith/scoop/apps/gcc-arm-none-eabi/15.2.rel1/bin/../lib/gcc/arm-none-eabi/15.2.1/thumb/v6-m/nofp/crtbegin.o
__dso_handle                                      C:/Users/mr.smith/scoop/apps/gcc-arm-none-eabi/15.2.rel1/bin/../lib/gcc/arm-none-eabi/15.2.1/thumb/v6-m/nofp/crtbegin.o
__fp_lock_all                                     C:/Users/mr.smith/scoop/apps/gcc-arm-none-eabi/15.2.rel1/bin/../lib/gcc/arm-none-eabi/15.2.1/../../../../arm-none-eabi/lib/thumb/v6-m/nofp\libc_nano.a(libc_a-findfp.o)
__fp_unlock_all                                   C:/Users/mr.smith/scoop/apps/gcc-arm-none-eabi/15.2.rel1/bin/../lib/gcc/arm-none-eabi/15.2.1/../../../../arm-none-eabi/lib/thumb/v6-m/nofp\libc_nano.a(libc_a-findfp.o)
__init_array_end                                  C:/Users/mr.smith/scoop/apps/gcc-arm-none-eabi/15.2.rel1/bin/../lib/gcc/arm-none-eabi/15.2.1/../../../../arm-none-eabi/lib/thumb/v6-m/nofp\libc_nano.a(libc_a-init.o)
__init_array_start                                C:/Users/mr.smith/scoop/apps/gcc-arm-none-eabi/15.2.rel1/bin/../lib/gcc/arm-none-eabi/15.2.1/../../../../arm-none-eabi/lib/thumb/v6-m/nofp\libc_nano.a(libc_a-init.o)
__libc_fini_array                                 C:/Users/mr.smith/scoop/apps/gcc-arm-none-eabi/15.2.rel1/bin/../lib/gcc/arm-none-eabi/15.2.1/../../../../arm-none-eabi/lib/thumb/v6-m/nofp/crt0.o
__libc_init_array                                 C:/Users/mr.smith/scoop/apps/gcc-arm-none-eabi/15.2.rel1/bin/../lib/gcc/arm-none-eabi/15.2.1/../../../../arm-none-eabi/lib/thumb/v6-m/nofp\libc_nano.a(libc_a-init.o)
                                                  _build/startup_stm32g031xx.o
                                                  C:/Users/mr.smith/scoop/apps/gcc-arm-none-eabi/15.2.rel1/bin/../lib/gcc/arm-none-eabi/15.2.1/../../../../arm-none-eabi/lib/thumb/v6-m/nofp/crt0.o
__lock___arc4random_mutex                         C:/Users/mr.smith/scoop/apps/gcc-arm-none-eabi/15.2.rel1/bin/../lib/gcc/arm-none-eabi/15.2.1/../../../../arm-none-eabi/lib/thumb/v6-m/nofp\libc_nano.a(libc_a-lock.o)
__lock___at_quick_exit_mutex                      C:/Users/mr.smith/scoop/apps/gcc-arm-none-eabi/15.2.rel1/bin/../lib/gcc/arm-none-eabi/15.2.1/../../../../arm-none-eabi/lib/thumb/v6-m/nofp\libc_nano.a(libc_a-lock.o)
__lock___atexit_recursive_mutex                   C:/Users/mr.smith/scoop/apps/gcc-arm-none-eabi/15.2.rel1/bin/../lib/gcc/arm-none-eabi/15.2.1/../../../../arm-none-eabi/lib/thumb/v6-m/nofp\libc_nano.a(libc_a-lock.o)
__lock___dd_hash_mutex                            C:/Users/mr.smith/scoop/apps/gcc-arm-none-eabi/15.2.rel1/bin/../lib/gcc/arm-none-eabi/15.2.1/../../../../arm-none-eabi/lib/thumb/v6-m/nofp\libc_nano.a(libc_a-lock.o)
__lock___env_recursive_mutex                      C:/Users/mr.smith/scoop/apps/gcc-arm-none-eabi/15.2.rel1/bin/../lib/gcc/arm-none-eabi/15.2.1/../../../../arm-none-eabi/lib/thumb/v6-m/nofp\libc_nano.a(libc_a-lock.o)
__lock___malloc_recursive_mutex                   C:/Users/mr.smith/scoop/apps/gcc-arm-none-eabi/15.2.rel1/bin/../lib/gcc/arm-none-eabi/15.2.1/../../../../arm-none-eabi/lib/thumb/v6-m/nofp\libc_nano.a(libc_a-lock.o)
                                                  C:/Users/mr.smith/scoop/apps/gcc-arm-none-eabi/15.2.rel1/bin/../lib/gcc/arm-none-eabi/15.2.1/../../../../arm-none-eabi/lib/thumb/v6-m/nofp\libc_nano.a(libc_a-mlock.o)
__lock___sfp_recursive_mutex                      C:/Users/mr.smith/scoop/apps/gcc-arm-none-eabi/15.2.rel1/bin/../lib/gcc/arm-none-eabi/15.2.1/../../../../arm-none-eabi/lib/thumb/v6-m/nofp\libc_nano.a(libc_a-lock.o)
                                                  C:/Users/mr.smith/scoop/apps/gcc-arm-none-eabi/15.2.rel1/bin/../lib/gcc/arm-none-eabi/15.2.1/../../../../arm-none-eabi/lib/thumb/v6-m/nofp\libc_nano.a(libc_a-findfp.o)
__lock___tz_mutex                                 C:/Users/mr.smith/scoop/apps/gcc-arm-none-eabi/15.2.rel1/bin/../lib/gcc/arm-none-eabi/15.2.1/../../../../arm-none-eabi/lib/thumb/v6-m/nofp\libc_nano.a(libc_a-lock.o)
__malloc_free_list                                C:/Users/mr.smith/scoop/apps/gcc-arm-none-eabi/15.2.rel1/bin/../lib/gcc/arm-none-eabi/15.2.1/../../../../arm-none-eabi/lib/thumb/v6-m/nofp\libc_nano.a(libc_a-mallocr.o)
                                                  C:/Users/mr.smith/scoop/apps/gcc-arm-none-eabi/15.2.rel1/bin/../lib/gcc/arm-none-eabi/15.2.1/../../../../arm-none-eabi/lib/thumb/v6-m/nofp\libc_nano.a(libc_a-freer.o)
__malloc_lock                                     C:/Users/mr.smith/scoop/apps/gcc-arm-none-eabi/15.2.rel1/bin/../lib/gcc/arm-none-eabi/15.2.1/../../../../arm-none-eabi/lib/thumb/v6-m/nofp\libc_nano.a(libc_a-mlock.o)
                                                  C:/Users/mr.smith/scoop/apps/gcc-arm-none-eabi/15.2.rel1/bin/../lib/gcc/arm-none-eabi/15.2.1/../../../../arm-none-eabi/lib/thumb/v6-m/nofp\libc_nano.a(libc_a-freer.o)
                                                  C:/Users/mr.smith/scoop/apps/gcc-arm-none-eabi/15.2.rel1/bin/../lib/gcc/arm-none-eabi/15.2.1/../../../../arm-none-eabi/lib/thumb/v6-m/nofp\libc_nano.a(libc_a-mallocr.o)
__malloc_sbrk_start                               C:/Users/mr.smith/scoop/apps/gcc-arm-none-eabi/15.2.rel1/bin/../lib/gcc/arm-none-eabi/15.2.1/../../../../arm-none-eabi/lib/thumb/v6-m/nofp\libc_nano.a(libc_a-mallocr.o)
__malloc_unlock                                   C:/Users/mr.smith/scoop/apps/gcc-arm-none-eabi/15.2.rel1/bin/../lib/gcc/arm-none-eabi/15.2.1/../../../../arm-none-eabi/lib/thumb/v6-m/nofp\libc_nano.a(libc_a-mlock.o)
                                                  C:/Users/mr.smith/scoop/apps/gcc-arm-none-eabi/15.2.rel1/bin/../lib/gcc/arm-none-eabi/15.2.1/../../../../arm-none-eabi/lib/thumb/v6-m/nofp\libc_nano.a(libc_a-freer.o)
                                                  C:/Users/mr.smith/scoop/apps/gcc-arm-none-eabi/15.2.rel1/bin/../lib/gcc/arm-none-eabi/15.2.1/../../../../arm-none-eabi/lib/thumb/v6-m/nofp\libc_nano.a(libc_a-mallocr.o)
__preinit_array_end                               C:/Users/mr.smith/scoop/apps/gcc-arm-none-eabi/15.2.rel1/bin/../lib/gcc/arm-none-eabi/15.2.1/../../../../arm-none-eabi/lib/thumb/v6-m/nofp\libc_nano.a(libc_a-init.o)
__preinit_array_start                             C:/Users/mr.smith/scoop/apps/gcc-arm-none-eabi/15.2.rel1/bin/../lib/gcc/arm-none-eabi/15.2.1/../../../../arm-none-eabi/lib/thumb/v6-m/nofp\libc_nano.a(libc_a-init.o)
__register_frame_info                             C:/Users/mr.smith/scoop/apps/gcc-arm-none-eabi/15.2.rel1/bin/../lib/gcc/arm-none-eabi/15.2.1/thumb/v6-m/nofp/crtbegin.o
__retarget_lock_acquire                           C:/Users/mr.smith/scoop/apps/gcc-arm-none-eabi/15.2.rel1/bin/../lib/gcc/arm-none-eabi/15.2.1/../../../../arm-none-eabi/lib/thumb/v6-m/nofp\libc_nano.a(libc_a-lock.o)
__retarget_lock_acquire_recursive                 C:/Users/mr.smith/scoop/apps/gcc-arm-none-eabi/15.2.rel1/bin/../lib/gcc/arm-none-eabi/15.2.1/../../../../arm-none-eabi/lib/thumb/v6-m/nofp\libc_nano.a(libc_a-lock.o)
                                                  C:/Users/mr.smith/scoop/apps/gcc-arm-none-eabi/15.2.rel1/bin/../lib/gcc/arm-none-eabi/15.2.1/../../../../arm-none-eabi/lib/thumb/v6-m/nofp\libc_nano.a(libc_a-fflush.o)
                                                  C:/Users/mr.smith/scoop/apps/gcc-arm-none-eabi/15.2.rel1/bin/../lib/gcc/arm-none-eabi/15.2.1/../../../../arm-none-eabi/lib/thumb/v6-m/nofp\libc_nano.a(libc_a-mlock.o)
                                                  C:/Users/mr.smith/scoop/apps/gcc-arm-none-eabi/15.2.rel1/bin/../lib/gcc/arm-none-eabi/15.2.1/../../../../arm-none-eabi/lib/thumb/v6-m/nofp\libc_nano.a(libc_a-findfp.o)
__retarget_lock_close                             C:/Users/mr.smith/scoop/apps/gcc-arm-none-eabi/15.2.rel1/bin/../lib/gcc/arm-none-eabi/15.2.1/../../../../arm-none-eabi/lib/thumb/v6-m/nofp\libc_nano.a(libc_a-lock.o)
__retarget_lock_close_recursive                   C:/Users/mr.smith/scoop/apps/gcc-arm-none-eabi/15.2.rel1/bin/../lib/gcc/arm-none-eabi/15.2.1/../../../../arm-none-eabi/lib/thumb/v6-m/nofp\libc_nano.a(libc_a-lock.o)
__retarget_lock_init                              C:/Users/mr.smith/scoop/apps/gcc-arm-none-eabi/15.2.rel1/bin/../lib/gcc/arm-none-eabi/15.2.1/../../../../arm-none-eabi/lib/thumb/v6-m/nofp\libc_nano.a(libc_a-lock.o)
__retarget_lock_init_recursive                    C:/Users/mr.smith/scoop/apps/gcc-arm-none-eabi/15.2.rel1/bin/../lib/gcc/arm-none-eabi/15.2.1/../../../../arm-none-eabi/lib/thumb/v6-m/nofp\libc_nano.a(libc_a-lock.o)
                                                  C:/Users/mr.smith/scoop/apps/gcc-arm-none-eabi/15.2.rel1/bin/../lib/gcc/arm-none-eabi/15.2.1/../../../../arm-none-eabi/lib/thumb/v6-m/nofp\libc_nano.a(libc_a-findfp.o)
__retarget_lock_release                           C:/Users/mr.smith/scoop/apps/gcc-arm-none-eabi/15.2.rel1/bin/../lib/gcc/arm-none-eabi/15.2.1/../../../../arm-none-eabi/lib/thumb/v6-m/nofp\libc_nano.a(libc_a-lock.o)
__retarget_lock_release_recursive                 C:/Users/mr.smith/scoop/apps/gcc-arm-none-eabi/15.2.rel1/bin/../lib/gcc/arm-none-eabi/15.2.1/../../../../arm-none-eabi/lib/thumb/v6-m/nofp\libc_nano.a(libc_a-lock.o)
                                                  C:/Users/mr.smith/scoop/apps/gcc-arm-none-eabi/15.2.rel1/bin/../lib/gcc/arm-none-eabi/15.2.1/../../../../arm-none-eabi/lib/thumb/v6-m/nofp\libc_nano.a(libc_a-fflush.o)
                                                  C:/Users/mr.smith/scoop/apps/gcc-arm-none-eabi/15.2.rel1/bin/../lib/gcc/arm-none-eabi/15.2.1/../../../../arm-none-eabi/lib/thumb/v6-m/nofp\libc_nano.a(libc_a-mlock.o)
                                                  C:/Users/mr.smith/scoop/apps/gcc-arm-none-eabi/15.2.rel1/bin/../lib/gcc/arm-none-eabi/15.2.1/../../../../arm-none-eabi/lib/thumb/v6-m/nofp\libc_nano.a(libc_a-findfp.o)
__retarget_lock_try_acquire                       C:/Users/mr.smith/scoop/apps/gcc-arm-none-eabi/15.2.rel1/bin/../lib/gcc/arm-none-eabi/15.2.1/../../../../arm-none-eabi/lib/thumb/v6-m/nofp\libc_nano.a(libc_a-lock.o)
__retarget_lock_try_acquire_recursive             C:/Users/mr.smith/scoop/apps/gcc-arm-none-eabi/15.2.rel1/bin/../lib/gcc/arm-none-eabi/15.2.1/../../../../arm-none-eabi/lib/thumb/v6-m/nofp\libc_nano.a(libc_a-lock.o)
__sclose                                          C:/Users/mr.smith/scoop/apps/gcc-arm-none-eabi/15.2.rel1/bin/../lib/gcc/arm-none-eabi/15.2.1/../../../../arm-none-eabi/lib/thumb/v6-m/nofp\libc_nano.a(libc_a-stdio.o)
                                                  C:/Users/mr.smith/scoop/apps/gcc-arm-none-eabi/15.2.rel1/bin/../lib/gcc/arm-none-eabi/15.2.1/../../../../arm-none-eabi/lib/thumb/v6-m/nofp\libc_nano.a(libc_a-findfp.o)
__seofread                                        C:/Users/mr.smith/scoop/apps/gcc-arm-none-eabi/15.2.rel1/bin/../lib/gcc/arm-none-eabi/15.2.1/../../../../arm-none-eabi/lib/thumb/v6-m/nofp\libc_nano.a(libc_a-stdio.o)
__sf                                              C:/Users/mr.smith/scoop/apps/gcc-arm-none-eabi/15.2.rel1/bin/../lib/gcc/arm-none-eabi/15.2.1/../../../../arm-none-eabi/lib/thumb/v6-m/nofp\libc_nano.a(libc_a-findfp.o)
                                                  C:/Users/mr.smith/scoop/apps/gcc-arm-none-eabi/15.2.rel1/bin/../lib/gcc/arm-none-eabi/15.2.1/../../../../arm-none-eabi/lib/thumb/v6-m/nofp\libc_nano.a(libc_a-impure.o)
__sflush_r                                        C:/Users/mr.smith/scoop/apps/gcc-arm-none-eabi/15.2.rel1/bin/../lib/gcc/arm-none-eabi/15.2.1/../../../../arm-none-eabi/lib/thumb/v6-m/nofp\libc_nano.a(libc_a-fflush.o)
__sfp                                             C:/Users/mr.smith/scoop/apps/gcc-arm-none-eabi/15.2.rel1/bin/../lib/gcc/arm-none-eabi/15.2.1/../../../../arm-none-eabi/lib/thumb/v6-m/nofp\libc_nano.a(libc_a-findfp.o)
__sfp_lock_acquire                                C:/Users/mr.smith/scoop/apps/gcc-arm-none-eabi/15.2.rel1/bin/../lib/gcc/arm-none-eabi/15.2.1/../../../../arm-none-eabi/lib/thumb/v6-m/nofp\libc_nano.a(libc_a-findfp.o)
__sfp_lock_release                                C:/Users/mr.smith/scoop/apps/gcc-arm-none-eabi/15.2.rel1/bin/../lib/gcc/arm-none-eabi/15.2.1/../../../../arm-none-eabi/lib/thumb/v6-m/nofp\libc_nano.a(libc_a-findfp.o)
__sglue                                           C:/Users/mr.smith/scoop/apps/gcc-arm-none-eabi/15.2.rel1/bin/../lib/gcc/arm-none-eabi/15.2.1/../../../../arm-none-eabi/lib/thumb/v6-m/nofp\libc_nano.a(libc_a-findfp.o)
                                                  C:/Users/mr.smith/scoop/apps/gcc-arm-none-eabi/15.2.rel1/bin/../lib/gcc/arm-none-eabi/15.2.1/../../../../arm-none-eabi/lib/thumb/v6-m/nofp\libc_nano.a(libc_a-fflush.o)
__sinit                                           C:/Users/mr.smith/scoop/apps/gcc-arm-none-eabi/15.2.rel1/bin/../lib/gcc/arm-none-eabi/15.2.1/../../../../arm-none-eabi/lib/thumb/v6-m/nofp\libc_nano.a(libc_a-findfp.o)
                                                  C:/Users/mr.smith/scoop/apps/gcc-arm-none-eabi/15.2.rel1/bin/../lib/gcc/arm-none-eabi/15.2.1/../../../../arm-none-eabi/lib/thumb/v6-m/nofp\libc_nano.a(libc_a-fflush.o)
__sread                                           C:/Users/mr.smith/scoop/apps/gcc-arm-none-eabi/15.2.rel1/bin/../lib/gcc/arm-none-eabi/15.2.1/../../../../arm-none-eabi/lib/thumb/v6-m/nofp\libc_nano.a(libc_a-stdio.o)
                                                  C:/Users/mr.smith/scoop/apps/gcc-arm-none-eabi/15.2.rel1/bin/../lib/gcc/arm-none-eabi/15.2.1/../../../../arm-none-eabi/lib/thumb/v6-m/nofp\libc_nano.a(libc_a-findfp.o)
__sseek                                           C:/Users/mr.smith/scoop/apps/gcc-arm-none-eabi/15.2.rel1/bin/../lib/gcc/arm-none-eabi/15.2.1/../../../../arm-none-eabi/lib/thumb/v6-m/nofp\libc_nano.a(libc_a-stdio.o)
                                                  C:/Users/mr.smith/scoop/apps/gcc-arm-none-eabi/15.2.rel1/bin/../lib/gcc/arm-none-eabi/15.2.1/../../../../arm-none-eabi/lib/thumb/v6-m/nofp\libc_nano.a(libc_a-findfp.o)
__stack                                           C:/Users/mr.smith/scoop/apps/gcc-arm-none-eabi/15.2.rel1/bin/../lib/gcc/arm-none-eabi/15.2.1/../../../../arm-none-eabi/lib/thumb/v6-m/nofp/crt0.o
__stdio_exit_handler                              C:/Users/mr.smith/scoop/apps/gcc-arm-none-eabi/15.2.rel1/bin/../lib/gcc/arm-none-eabi/15.2.1/../../../../arm-none-eabi/lib/thumb/v6-m/nofp\libc_nano.a(libc_a-findfp.o)
                                                  C:/Users/mr.smith/scoop/apps/gcc-arm-none-eabi/15.2.rel1/bin/../lib/gcc/arm-none-eabi/15.2.1/../../../../arm-none-eabi/lib/thumb/v6-m/nofp\libc_nano.a(libc_a-exit.o)
__swrite                                          C:/Users/mr.smith/scoop/apps/gcc-arm-none-eabi/15.2.rel1/bin/../lib/gcc/arm-none-eabi/15.2.1/../../../../arm-none-eabi/lib/thumb/v6-m/nofp\libc_nano.a(libc_a-stdio.o)
                                                  C:/Users/mr.smith/scoop/apps/gcc-arm-none-eabi/15.2.rel1/bin/../lib/gcc/arm-none-eabi/15.2.1/../../../../arm-none-eabi/lib/thumb/v6-m/nofp\libc_nano.a(libc_a-findfp.o)
__udivsi3                                         C:/Users/mr.smith/scoop/apps/gcc-arm-none-eabi/15.2.rel1/bin/../lib/gcc/arm-none-eabi/15.2.1/thumb/v6-m/nofp\libgcc.a(_udivsi3.o)
_close                                            _build/main.o
_close_r                                          _build/main.o
                                                  C:/Users/mr.smith/scoop/apps/gcc-arm-none-eabi/15.2.rel1/bin/../lib/gcc/arm-none-eabi/15.2.1/../../../../arm-none-eabi/lib/thumb/v6-m/nofp\libc_nano.a(libc_a-stdio.o)
_ebss                                             _build/startup_stm32g031xx.o
_edata                                            _build/startup_stm32g031xx.o
_estack                                           _build/startup_stm32g031xx.o
_exit                                             C:/Users/mr.smith/scoop/apps/gcc-arm-none-eabi/15.2.rel1/bin/../lib/gcc/arm-none-eabi/15.2.1/../../../../arm-none-eabi/lib/thumb/v6-m/nofp\libnosys.a(_exit.o)
                                                  C:/Users/mr.smith/scoop/apps/gcc-arm-none-eabi/15.2.rel1/bin/../lib/gcc/arm-none-eabi/15.2.1/../../../../arm-none-eabi/lib/thumb/v6-m/nofp\libc_nano.a(libc_a-exit.o)
_fflush_r                                         C:/Users/mr.smith/scoop/apps/gcc-arm-none-eabi/15.2.rel1/bin/../lib/gcc/arm-none-eabi/15.2.1/../../../../arm-none-eabi/lib/thumb/v6-m/nofp\libc_nano.a(libc_a-fflush.o)
                                                  C:/Users/mr.smith/scoop/apps/gcc-arm-none-eabi/15.2.rel1/bin/../lib/gcc/arm-none-eabi/15.2.1/../../../../arm-none-eabi/lib/thumb/v6-m/nofp\libc_nano.a(libc_a-findfp.o)
_fini                                             C:/Users/mr.smith/scoop/apps/gcc-arm-none-eabi/15.2.rel1/bin/../lib/gcc/arm-none-eabi/15.2.1/thumb/v6-m/nofp/crti.o
_free_r                                           C:/Users/mr.smith/scoop/apps/gcc-arm-none-eabi/15.2.rel1/bin/../lib/gcc/arm-none-eabi/15.2.1/../../../../arm-none-eabi/lib/thumb/v6-m/nofp\libc_nano.a(libc_a-freer.o)
                                                  C:/Users/mr.smith/scoop/apps/gcc-arm-none-eabi/15.2.rel1/bin/../lib/gcc/arm-none-eabi/15.2.1/../../../../arm-none-eabi/lib/thumb/v6-m/nofp\libc_nano.a(libc_a-reent.o)
                                                  C:/Users/mr.smith/scoop/apps/gcc-arm-none-eabi/15.2.rel1/bin/../lib/gcc/arm-none-eabi/15.2.1/../../../../arm-none-eabi/lib/thumb/v6-m/nofp\libc_nano.a(libc_a-fflush.o)
_fwalk_sglue                                      C:/Users/mr.smith/scoop/apps/gcc-arm-none-eabi/15.2.rel1/bin/../lib/gcc/arm-none-eabi/15.2.1/../../../../arm-none-eabi/lib/thumb/v6-m/nofp\libc_nano.a(libc_a-fwalk.o)
                                                  C:/Users/mr.smith/scoop/apps/gcc-arm-none-eabi/15.2.rel1/bin/../lib/gcc/arm-none-eabi/15.2.1/../../../../arm-none-eabi/lib/thumb/v6-m/nofp\libc_nano.a(libc_a-fflush.o)
                                                  C:/Users/mr.smith/scoop/apps/gcc-arm-none-eabi/15.2.rel1/bin/../lib/gcc/arm-none-eabi/15.2.1/../../../../arm-none-eabi/lib/thumb/v6-m/nofp\libc_nano.a(libc_a-findfp.o)
_impure_data                                      C:/Users/mr.smith/scoop/apps/gcc-arm-none-eabi/15.2.rel1/bin/../lib/gcc/arm-none-eabi/15.2.1/../../../../arm-none-eabi/lib/thumb/v6-m/nofp\libc_nano.a(libc_a-impure.o)
                                                  C:/Users/mr.smith/scoop/apps/gcc-arm-none-eabi/15.2.rel1/bin/../lib/gcc/arm-none-eabi/15.2.1/../../../../arm-none-eabi/lib/thumb/v6-m/nofp\libc_nano.a(libc_a-fflush.o)
                                                  C:/Users/mr.smith/scoop/apps/gcc-arm-none-eabi/15.2.rel1/bin/../lib/gcc/arm-none-eabi/15.2.1/../../../../arm-none-eabi/lib/thumb/v6-m/nofp\libc_nano.a(libc_a-findfp.o)
_impure_ptr                                       C:/Users/mr.smith/scoop/apps/gcc-arm-none-eabi/15.2.rel1/bin/../lib/gcc/arm-none-eabi/15.2.1/../../../../arm-none-eabi/lib/thumb/v6-m/nofp\libc_nano.a(libc_a-impure.o)
                                                  C:/Users/mr.smith/scoop/apps/gcc-arm-none-eabi/15.2.rel1/bin/../lib/gcc/arm-none-eabi/15.2.1/../../../../arm-none-eabi/lib/thumb/v6-m/nofp\libc_nano.a(libc_a-reent.o)
                                                  C:/Users/mr.smith/scoop/apps/gcc-arm-none-eabi/15.2.rel1/bin/../lib/gcc/arm-none-eabi/15.2.1/../../../../arm-none-eabi/lib/thumb/v6-m/nofp\libc_nano.a(libc_a-fflush.o)
_init                                             C:/Users/mr.smith/scoop/apps/gcc-arm-none-eabi/15.2.rel1/bin/../lib/gcc/arm-none-eabi/15.2.1/thumb/v6-m/nofp/crti.o
                                                  C:/Users/mr.smith/scoop/apps/gcc-arm-none-eabi/15.2.rel1/bin/../lib/gcc/arm-none-eabi/15.2.1/../../../../arm-none-eabi/lib/thumb/v6-m/nofp\libc_nano.a(libc_a-init.o)
_lseek                                            _build/main.o
_lseek_r                                          _build/main.o
                                                  C:/Users/mr.smith/scoop/apps/gcc-arm-none-eabi/15.2.rel1/bin/../lib/gcc/arm-none-eabi/15.2.1/../../../../arm-none-eabi/lib/thumb/v6-m/nofp\libc_nano.a(libc_a-stdio.o)
_mainCRTStartup                                   C:/Users/mr.smith/scoop/apps/gcc-arm-none-eabi/15.2.rel1/bin/../lib/gcc/arm-none-eabi/15.2.1/../../../../arm-none-eabi/lib/thumb/v6-m/nofp/crt0.o
_malloc_r                                         C:/Users/mr.smith/scoop/apps/gcc-arm-none-eabi/15.2.rel1/bin/../lib/gcc/arm-none-eabi/15.2.1/../../../../arm-none-eabi/lib/thumb/v6-m/nofp\libc_nano.a(libc_a-mallocr.o)
                                                  C:/Users/mr.smith/scoop/apps/gcc-arm-none-eabi/15.2.rel1/bin/../lib/gcc/arm-none-eabi/15.2.1/../../../../arm-none-eabi/lib/thumb/v6-m/nofp\libc_nano.a(libc_a-findfp.o)
_read                                             _build/main.o
_read_r                                           _build/main.o
                                                  C:/Users/mr.smith/scoop/apps/gcc-arm-none-eabi/15.2.rel1/bin/../lib/gcc/arm-none-eabi/15.2.1/../../../../arm-none-eabi/lib/thumb/v6-m/nofp\libc_nano.a(libc_a-stdio.o)
_reclaim_reent                                    C:/Users/mr.smith/scoop/apps/gcc-arm-none-eabi/15.2.rel1/bin/../lib/gcc/arm-none-eabi/15.2.1/../../../../arm-none-eabi/lib/thumb/v6-m/nofp\libc_nano.a(libc_a-reent.o)
_sbrk                                             C:/Users/mr.smith/scoop/apps/gcc-arm-none-eabi/15.2.rel1/bin/../lib/gcc/arm-none-eabi/15.2.1/../../../../arm-none-eabi/lib/thumb/v6-m/nofp\libnosys.a(sbrk.o)
                                                  C:/Users/mr.smith/scoop/apps/gcc-arm-none-eabi/15.2.rel1/bin/../lib/gcc/arm-none-eabi/15.2.1/../../../../arm-none-eabi/lib/thumb/v6-m/nofp\libc_nano.a(libc_a-sbrkr.o)
_sbrk_r                                           C:/Users/mr.smith/scoop/apps/gcc-arm-none-eabi/15.2.rel1/bin/../lib/gcc/arm-none-eabi/15.2.1/../../../../arm-none-eabi/lib/thumb/v6-m/nofp\libc_nano.a(libc_a-sbrkr.o)
                                                  C:/Users/mr.smith/scoop/apps/gcc-arm-none-eabi/15.2.rel1/bin/../lib/gcc/arm-none-eabi/15.2.1/../../../../arm-none-eabi/lib/thumb/v6-m/nofp\libc_nano.a(libc_a-mallocr.o)
_sbss                                             _build/startup_stm32g031xx.o
_sdata                                            _build/startup_stm32g031xx.o
_sidata                                           _build/startup_stm32g031xx.o
_stack_init                                       C:/Users/mr.smith/scoop/apps/gcc-arm-none-eabi/15.2.rel1/bin/../lib/gcc/arm-none-eabi/15.2.1/../../../../arm-none-eabi/lib/thumb/v6-m/nofp/crt0.o
_start                                            C:/Users/mr.smith/scoop/apps/gcc-arm-none-eabi/15.2.rel1/bin/../lib/gcc/arm-none-eabi/15.2.1/../../../../arm-none-eabi/lib/thumb/v6-m/nofp/crt0.o
_write_r                                          _build/main.o
                                                  C:/Users/mr.smith/scoop/apps/gcc-arm-none-eabi/15.2.rel1/bin/../lib/gcc/arm-none-eabi/15.2.1/../../../../arm-none-eabi/lib/thumb/v6-m/nofp\libc_nano.a(libc_a-stdio.o)
atexit                                            C:/Users/mr.smith/scoop/apps/gcc-arm-none-eabi/15.2.rel1/bin/../lib/gcc/arm-none-eabi/15.2.1/../../../../arm-none-eabi/lib/thumb/v6-m/nofp/crt0.o
end                                               C:/Users/mr.smith/scoop/apps/gcc-arm-none-eabi/15.2.rel1/bin/../lib/gcc/arm-none-eabi/15.2.1/../../../../arm-none-eabi/lib/thumb/v6-m/nofp\libnosys.a(sbrk.o)
errno                                             C:/Users/mr.smith/scoop/apps/gcc-arm-none-eabi/15.2.rel1/bin/../lib/gcc/arm-none-eabi/15.2.1/../../../../arm-none-eabi/lib/thumb/v6-m/nofp\libc_nano.a(libc_a-reent.o)
                                                  C:/Users/mr.smith/scoop/apps/gcc-arm-none-eabi/15.2.rel1/bin/../lib/gcc/arm-none-eabi/15.2.1/../../../../arm-none-eabi/lib/thumb/v6-m/nofp\libc_nano.a(libc_a-sbrkr.o)
exit                                              C:/Users/mr.smith/scoop/apps/gcc-arm-none-eabi/15.2.rel1/bin/../lib/gcc/arm-none-eabi/15.2.1/../../../../arm-none-eabi/lib/thumb/v6-m/nofp\libc_nano.a(libc_a-exit.o)
                                                  C:/Users/mr.smith/scoop/apps/gcc-arm-none-eabi/15.2.rel1/bin/../lib/gcc/arm-none-eabi/15.2.1/../../../../arm-none-eabi/lib/thumb/v6-m/nofp/crt0.o
fflush                                            C:/Users/mr.smith/scoop/apps/gcc-arm-none-eabi/15.2.rel1/bin/../lib/gcc/arm-none-eabi/15.2.1/../../../../arm-none-eabi/lib/thumb/v6-m/nofp\libc_nano.a(libc_a-fflush.o)
g_pfnVectors                                      _build/startup_stm32g031xx.o
hardware_init_hook                                C:/Users/mr.smith/scoop/apps/gcc-arm-none-eabi/15.2.rel1/bin/../lib/gcc/arm-none-eabi/15.2.1/../../../../arm-none-eabi/lib/thumb/v6-m/nofp/crt0.o
main                                              _build/main.o
                                                  _build/startup_stm32g031xx.o
                                                  C:/Users/mr.smith/scoop/apps/gcc-arm-none-eabi/15.2.rel1/bin/../lib/gcc/arm-none-eabi/15.2.1/../../../../arm-none-eabi/lib/thumb/v6-m/nofp/crt0.o
memset                                            C:/Users/mr.smith/scoop/apps/gcc-arm-none-eabi/15.2.rel1/bin/../lib/gcc/arm-none-eabi/15.2.1/../../../../arm-none-eabi/lib/thumb/v6-m/nofp\libc_nano.a(libc_a-memset.o)
                                                  C:/Users/mr.smith/scoop/apps/gcc-arm-none-eabi/15.2.rel1/bin/../lib/gcc/arm-none-eabi/15.2.1/../../../../arm-none-eabi/lib/thumb/v6-m/nofp\libc_nano.a(libc_a-findfp.o)
                                                  C:/Users/mr.smith/scoop/apps/gcc-arm-none-eabi/15.2.rel1/bin/../lib/gcc/arm-none-eabi/15.2.1/../../../../arm-none-eabi/lib/thumb/v6-m/nofp/crt0.o
software_init_hook                                C:/Users/mr.smith/scoop/apps/gcc-arm-none-eabi/15.2.rel1/bin/../lib/gcc/arm-none-eabi/15.2.1/../../../../arm-none-eabi/lib/thumb/v6-m/nofp/crt0.o
system_uptime                                     _build/main.o
