ARM GAS  C:\Users\MR20AF~1.SMI\AppData\Local\Temp\cc85OYth.s 			page 1


   1              		.cpu cortex-m0
   2              		.arch armv6s-m
   3              		.fpu softvfp
   4              		.eabi_attribute 20, 1	@ Tag_ABI_FP_denormal
   5              		.eabi_attribute 21, 1	@ Tag_ABI_FP_exceptions
   6              		.eabi_attribute 23, 3	@ Tag_ABI_FP_number_model
   7              		.eabi_attribute 24, 1	@ Tag_ABI_align8_needed
   8              		.eabi_attribute 25, 1	@ Tag_ABI_align8_preserved
   9              		.eabi_attribute 26, 1	@ Tag_ABI_enum_size
  10              		.eabi_attribute 30, 2	@ Tag_ABI_optimization_goals
  11              		.eabi_attribute 34, 0	@ Tag_CPU_unaligned_access
  12              		.eabi_attribute 18, 4	@ Tag_ABI_PCS_wchar_t
  13              		.file	"system_stm32f0xx.c"
  14              	@ GNU C11 (Arm GNU Toolchain 14.2.Rel1 (Build arm-14.52)) version 14.2.1 20241119 (arm-none-eabi)
  15              	@	compiled by GNU C version 9.3-win32 20200320, GMP version 6.2.1, MPFR version 3.1.6, MPC version 
  16              	
  17              	@ GGC heuristics: --param ggc-min-expand=100 --param ggc-min-heapsize=131072
  18              	@ options passed: -mcpu=cortex-m0 -mthumb -mfloat-abi=soft -march=armv6s-m -g3 -gdwarf -O3 -std=gnu
  19              		.text
  20              	.Ltext0:
  21              		.cfi_sections	.debug_frame
  22              		.file 1 "./src/system_stm32f0xx.c"
  23              		.section	.text.SystemInit,"ax",%progbits
  24              		.align	1
  25              		.p2align 2,,3
  26              		.global	SystemInit
  27              		.syntax unified
  28              		.code	16
  29              		.thumb_func
  31              	SystemInit:
  32              	.LFB42:
   1:./src/system_stm32f0xx.c **** /**
   2:./src/system_stm32f0xx.c ****   ******************************************************************************
   3:./src/system_stm32f0xx.c ****   * @file    system_stm32f0xx.c
   4:./src/system_stm32f0xx.c ****   * @author  MCD Application Team
   5:./src/system_stm32f0xx.c ****   * @brief   CMSIS Cortex-M0 Device Peripheral Access Layer System Source File.
   6:./src/system_stm32f0xx.c ****   *
   7:./src/system_stm32f0xx.c ****   * 1. This file provides two functions and one global variable to be called from
   8:./src/system_stm32f0xx.c ****   *    user application:
   9:./src/system_stm32f0xx.c ****   *      - SystemInit(): This function is called at startup just after reset and 
  10:./src/system_stm32f0xx.c ****   *                      before branch to main program. This call is made inside
  11:./src/system_stm32f0xx.c ****   *                      the "startup_stm32f0xx.s" file.
  12:./src/system_stm32f0xx.c ****   *
  13:./src/system_stm32f0xx.c ****   *      - SystemCoreClock variable: Contains the core clock (HCLK), it can be used
  14:./src/system_stm32f0xx.c ****   *                                  by the user application to setup the SysTick
  15:./src/system_stm32f0xx.c ****   *                                  timer or configure other parameters.
  16:./src/system_stm32f0xx.c ****   *
  17:./src/system_stm32f0xx.c ****   *      - SystemCoreClockUpdate(): Updates the variable SystemCoreClock and must
  18:./src/system_stm32f0xx.c ****   *                                 be called whenever the core clock is changed
  19:./src/system_stm32f0xx.c ****   *                                 during program execution.
  20:./src/system_stm32f0xx.c ****   *
  21:./src/system_stm32f0xx.c ****   *
  22:./src/system_stm32f0xx.c ****   ******************************************************************************
  23:./src/system_stm32f0xx.c ****   * @attention
  24:./src/system_stm32f0xx.c ****   *
  25:./src/system_stm32f0xx.c ****   * Copyright (c) 2016 STMicroelectronics.
  26:./src/system_stm32f0xx.c ****   * All rights reserved.
ARM GAS  C:\Users\MR20AF~1.SMI\AppData\Local\Temp\cc85OYth.s 			page 2


  27:./src/system_stm32f0xx.c ****   *
  28:./src/system_stm32f0xx.c ****   * This software is licensed under terms that can be found in the LICENSE file
  29:./src/system_stm32f0xx.c ****   * in the root directory of this software component.
  30:./src/system_stm32f0xx.c ****   * If no LICENSE file comes with this software, it is provided AS-IS.
  31:./src/system_stm32f0xx.c ****   *
  32:./src/system_stm32f0xx.c ****   ******************************************************************************
  33:./src/system_stm32f0xx.c ****   */
  34:./src/system_stm32f0xx.c **** /** @addtogroup CMSIS
  35:./src/system_stm32f0xx.c ****   * @{
  36:./src/system_stm32f0xx.c ****   */
  37:./src/system_stm32f0xx.c **** 
  38:./src/system_stm32f0xx.c **** /** @addtogroup stm32f0xx_system
  39:./src/system_stm32f0xx.c ****   * @{
  40:./src/system_stm32f0xx.c ****   */
  41:./src/system_stm32f0xx.c **** 
  42:./src/system_stm32f0xx.c **** /** @addtogroup STM32F0xx_System_Private_Includes
  43:./src/system_stm32f0xx.c ****   * @{
  44:./src/system_stm32f0xx.c ****   */
  45:./src/system_stm32f0xx.c **** 
  46:./src/system_stm32f0xx.c **** #include "stm32f0xx.h"
  47:./src/system_stm32f0xx.c **** 
  48:./src/system_stm32f0xx.c **** /**
  49:./src/system_stm32f0xx.c ****   * @}
  50:./src/system_stm32f0xx.c ****   */
  51:./src/system_stm32f0xx.c **** 
  52:./src/system_stm32f0xx.c **** /** @addtogroup STM32F0xx_System_Private_TypesDefinitions
  53:./src/system_stm32f0xx.c ****   * @{
  54:./src/system_stm32f0xx.c ****   */
  55:./src/system_stm32f0xx.c **** 
  56:./src/system_stm32f0xx.c **** /**
  57:./src/system_stm32f0xx.c ****   * @}
  58:./src/system_stm32f0xx.c ****   */
  59:./src/system_stm32f0xx.c **** 
  60:./src/system_stm32f0xx.c **** /** @addtogroup STM32F0xx_System_Private_Defines
  61:./src/system_stm32f0xx.c ****   * @{
  62:./src/system_stm32f0xx.c ****   */
  63:./src/system_stm32f0xx.c **** #if !defined  (HSE_VALUE) 
  64:./src/system_stm32f0xx.c ****   #define HSE_VALUE    ((uint32_t)8000000) /*!< Default value of the External oscillator in Hz.
  65:./src/system_stm32f0xx.c ****                                                 This value can be provided and adapted by the user 
  66:./src/system_stm32f0xx.c **** #endif /* HSE_VALUE */
  67:./src/system_stm32f0xx.c **** 
  68:./src/system_stm32f0xx.c **** #if !defined  (HSI_VALUE)
  69:./src/system_stm32f0xx.c ****   #define HSI_VALUE    ((uint32_t)8000000) /*!< Default value of the Internal oscillator in Hz.
  70:./src/system_stm32f0xx.c ****                                                 This value can be provided and adapted by the user 
  71:./src/system_stm32f0xx.c **** #endif /* HSI_VALUE */
  72:./src/system_stm32f0xx.c **** 
  73:./src/system_stm32f0xx.c **** #if !defined (HSI48_VALUE)
  74:./src/system_stm32f0xx.c **** #define HSI48_VALUE    ((uint32_t)48000000) /*!< Default value of the HSI48 Internal oscillator in 
  75:./src/system_stm32f0xx.c ****                                                  This value can be provided and adapted by the user
  76:./src/system_stm32f0xx.c **** #endif /* HSI48_VALUE */
  77:./src/system_stm32f0xx.c **** /**
  78:./src/system_stm32f0xx.c ****   * @}
  79:./src/system_stm32f0xx.c ****   */
  80:./src/system_stm32f0xx.c **** 
  81:./src/system_stm32f0xx.c **** /** @addtogroup STM32F0xx_System_Private_Macros
  82:./src/system_stm32f0xx.c ****   * @{
  83:./src/system_stm32f0xx.c ****   */
ARM GAS  C:\Users\MR20AF~1.SMI\AppData\Local\Temp\cc85OYth.s 			page 3


  84:./src/system_stm32f0xx.c **** 
  85:./src/system_stm32f0xx.c **** /**
  86:./src/system_stm32f0xx.c ****   * @}
  87:./src/system_stm32f0xx.c ****   */
  88:./src/system_stm32f0xx.c **** 
  89:./src/system_stm32f0xx.c **** /** @addtogroup STM32F0xx_System_Private_Variables
  90:./src/system_stm32f0xx.c ****   * @{
  91:./src/system_stm32f0xx.c ****   */
  92:./src/system_stm32f0xx.c ****   /* This variable is updated in three ways:
  93:./src/system_stm32f0xx.c ****       1) by calling CMSIS function SystemCoreClockUpdate()
  94:./src/system_stm32f0xx.c ****       2) by calling HAL API function HAL_RCC_GetHCLKFreq()
  95:./src/system_stm32f0xx.c ****       3) each time HAL_RCC_ClockConfig() is called to configure the system clock frequency
  96:./src/system_stm32f0xx.c ****          Note: If you use this function to configure the system clock; then there
  97:./src/system_stm32f0xx.c ****                is no need to call the 2 first functions listed above, since SystemCoreClock
  98:./src/system_stm32f0xx.c ****                variable is updated automatically.
  99:./src/system_stm32f0xx.c ****   */
 100:./src/system_stm32f0xx.c **** uint32_t SystemCoreClock = 8000000;
 101:./src/system_stm32f0xx.c **** 
 102:./src/system_stm32f0xx.c **** const uint8_t AHBPrescTable[16] = {0, 0, 0, 0, 0, 0, 0, 0, 1, 2, 3, 4, 6, 7, 8, 9};
 103:./src/system_stm32f0xx.c **** const uint8_t APBPrescTable[8]  = {0, 0, 0, 0, 1, 2, 3, 4};
 104:./src/system_stm32f0xx.c **** 
 105:./src/system_stm32f0xx.c **** /**
 106:./src/system_stm32f0xx.c ****   * @}
 107:./src/system_stm32f0xx.c ****   */
 108:./src/system_stm32f0xx.c **** 
 109:./src/system_stm32f0xx.c **** /** @addtogroup STM32F0xx_System_Private_FunctionPrototypes
 110:./src/system_stm32f0xx.c ****   * @{
 111:./src/system_stm32f0xx.c ****   */
 112:./src/system_stm32f0xx.c **** 
 113:./src/system_stm32f0xx.c **** /**
 114:./src/system_stm32f0xx.c ****   * @}
 115:./src/system_stm32f0xx.c ****   */
 116:./src/system_stm32f0xx.c **** 
 117:./src/system_stm32f0xx.c **** /** @addtogroup STM32F0xx_System_Private_Functions
 118:./src/system_stm32f0xx.c ****   * @{
 119:./src/system_stm32f0xx.c ****   */
 120:./src/system_stm32f0xx.c **** 
 121:./src/system_stm32f0xx.c **** /**
 122:./src/system_stm32f0xx.c ****   * @brief  Setup the microcontroller system
 123:./src/system_stm32f0xx.c ****   * @param  None
 124:./src/system_stm32f0xx.c ****   * @retval None
 125:./src/system_stm32f0xx.c ****   */
 126:./src/system_stm32f0xx.c **** void SystemInit(void)
 127:./src/system_stm32f0xx.c **** {
  33              		.loc 1 127 1 view -0
  34              		.cfi_startproc
  35              		@ args = 0, pretend = 0, frame = 0
  36              		@ frame_needed = 0, uses_anonymous_args = 0
  37              		@ link register save eliminated.
 128:./src/system_stm32f0xx.c ****   /* NOTE :SystemInit(): This function is called at startup just after reset and 
 129:./src/system_stm32f0xx.c ****                          before branch to main program. This call is made inside
 130:./src/system_stm32f0xx.c ****                          the "startup_stm32f0xx.s" file.
 131:./src/system_stm32f0xx.c ****                          User can setups the default system clock (System clock source, PLL Multipl
 132:./src/system_stm32f0xx.c ****                          and Divider factors, AHB/APBx prescalers and Flash settings).
 133:./src/system_stm32f0xx.c ****    */
 134:./src/system_stm32f0xx.c **** }
  38              		.loc 1 134 1 view .LVU1
ARM GAS  C:\Users\MR20AF~1.SMI\AppData\Local\Temp\cc85OYth.s 			page 4


  39              		@ sp needed	@
  40 0000 7047     		bx	lr
  41              		.cfi_endproc
  42              	.LFE42:
  44 0002 C046     		.section	.text.SystemCoreClockUpdate,"ax",%progbits
  45              		.align	1
  46              		.p2align 2,,3
  47              		.global	SystemCoreClockUpdate
  48              		.syntax unified
  49              		.code	16
  50              		.thumb_func
  52              	SystemCoreClockUpdate:
  53              	.LFB43:
 135:./src/system_stm32f0xx.c **** 
 136:./src/system_stm32f0xx.c **** /**
 137:./src/system_stm32f0xx.c ****    * @brief  Update SystemCoreClock variable according to Clock Register Values.
 138:./src/system_stm32f0xx.c ****   *         The SystemCoreClock variable contains the core clock (HCLK), it can
 139:./src/system_stm32f0xx.c ****   *         be used by the user application to setup the SysTick timer or configure
 140:./src/system_stm32f0xx.c ****   *         other parameters.
 141:./src/system_stm32f0xx.c ****   *
 142:./src/system_stm32f0xx.c ****   * @note   Each time the core clock (HCLK) changes, this function must be called
 143:./src/system_stm32f0xx.c ****   *         to update SystemCoreClock variable value. Otherwise, any configuration
 144:./src/system_stm32f0xx.c ****   *         based on this variable will be incorrect.
 145:./src/system_stm32f0xx.c ****   *
 146:./src/system_stm32f0xx.c ****   * @note   - The system frequency computed by this function is not the real
 147:./src/system_stm32f0xx.c ****   *           frequency in the chip. It is calculated based on the predefined
 148:./src/system_stm32f0xx.c ****   *           constant and the selected clock source:
 149:./src/system_stm32f0xx.c ****   *
 150:./src/system_stm32f0xx.c ****   *           - If SYSCLK source is HSI, SystemCoreClock will contain the HSI_VALUE(*)
 151:./src/system_stm32f0xx.c ****   *
 152:./src/system_stm32f0xx.c ****   *           - If SYSCLK source is HSE, SystemCoreClock will contain the HSE_VALUE(**)
 153:./src/system_stm32f0xx.c ****   *
 154:./src/system_stm32f0xx.c ****   *           - If SYSCLK source is PLL, SystemCoreClock will contain the HSE_VALUE(**)
 155:./src/system_stm32f0xx.c ****   *             or HSI_VALUE(*) multiplied/divided by the PLL factors.
 156:./src/system_stm32f0xx.c ****   *
 157:./src/system_stm32f0xx.c ****   *           - If SYSCLK source is HSI48, SystemCoreClock will contain the HSI48_VALUE(***)
 158:./src/system_stm32f0xx.c ****   *
 159:./src/system_stm32f0xx.c ****   *         (*) HSI_VALUE is a constant defined in stm32f0xx_hal_conf.h file (default value
 160:./src/system_stm32f0xx.c ****   *             8 MHz) but the real value may vary depending on the variations
 161:./src/system_stm32f0xx.c ****   *             in voltage and temperature.
 162:./src/system_stm32f0xx.c ****   *
 163:./src/system_stm32f0xx.c ****   *         (**) HSE_VALUE is a constant defined in stm32f0xx_hal_conf.h file (its value
 164:./src/system_stm32f0xx.c ****   *              depends on the application requirements), user has to ensure that HSE_VALUE
 165:./src/system_stm32f0xx.c ****   *              is same as the real frequency of the crystal used. Otherwise, this function
 166:./src/system_stm32f0xx.c ****   *              may have wrong result.
 167:./src/system_stm32f0xx.c ****   *
 168:./src/system_stm32f0xx.c ****   *         (***) HSI48_VALUE is a constant defined in stm32f0xx_hal_conf.h file (default value
 169:./src/system_stm32f0xx.c ****   *             48 MHz) but the real value may vary depending on the variations
 170:./src/system_stm32f0xx.c ****   *             in voltage and temperature.
 171:./src/system_stm32f0xx.c ****   *
 172:./src/system_stm32f0xx.c ****   *         - The result of this function could be not correct when using fractional
 173:./src/system_stm32f0xx.c ****   *           value for HSE crystal.
 174:./src/system_stm32f0xx.c ****   *
 175:./src/system_stm32f0xx.c ****   * @param  None
 176:./src/system_stm32f0xx.c ****   * @retval None
 177:./src/system_stm32f0xx.c ****   */
 178:./src/system_stm32f0xx.c **** void SystemCoreClockUpdate (void)
ARM GAS  C:\Users\MR20AF~1.SMI\AppData\Local\Temp\cc85OYth.s 			page 5


 179:./src/system_stm32f0xx.c **** {
  54              		.loc 1 179 1 view -0
  55              		.cfi_startproc
  56              		@ args = 0, pretend = 0, frame = 0
  57              		@ frame_needed = 0, uses_anonymous_args = 0
 180:./src/system_stm32f0xx.c ****   uint32_t tmp = 0, pllmull = 0, pllsource = 0, predivfactor = 0;
  58              		.loc 1 180 3 view .LVU3
  59              	.LVL0:
 181:./src/system_stm32f0xx.c **** 
 182:./src/system_stm32f0xx.c ****   /* Get SYSCLK source -------------------------------------------------------*/
 183:./src/system_stm32f0xx.c ****   tmp = RCC->CFGR & RCC_CFGR_SWS;
  60              		.loc 1 183 3 view .LVU4
  61              	@ ./src/system_stm32f0xx.c:183:   tmp = RCC->CFGR & RCC_CFGR_SWS;
  62              		.loc 1 183 7 is_stmt 0 view .LVU5
  63 0000 0C23     		movs	r3, #12	@ tmp134,
  64              	@ ./src/system_stm32f0xx.c:183:   tmp = RCC->CFGR & RCC_CFGR_SWS;
  65              		.loc 1 183 12 view .LVU6
  66 0002 144A     		ldr	r2, .L8	@ tmp133,
  67              	@ ./src/system_stm32f0xx.c:179: {
 179:./src/system_stm32f0xx.c ****   uint32_t tmp = 0, pllmull = 0, pllsource = 0, predivfactor = 0;
  68              		.loc 1 179 1 view .LVU7
  69 0004 10B5     		push	{r4, lr}	@
  70              		.cfi_def_cfa_offset 8
  71              		.cfi_offset 4, -8
  72              		.cfi_offset 14, -4
  73              	@ ./src/system_stm32f0xx.c:183:   tmp = RCC->CFGR & RCC_CFGR_SWS;
  74              		.loc 1 183 12 view .LVU8
  75 0006 5168     		ldr	r1, [r2, #4]	@ _1, MEM[(struct RCC_TypeDef *)1073876992B].CFGR
  76              	.LVL1:
 184:./src/system_stm32f0xx.c **** 
 185:./src/system_stm32f0xx.c ****   switch (tmp)
  77              		.loc 1 185 3 is_stmt 1 view .LVU9
  78              	@ ./src/system_stm32f0xx.c:183:   tmp = RCC->CFGR & RCC_CFGR_SWS;
 183:./src/system_stm32f0xx.c **** 
  79              		.loc 1 183 7 is_stmt 0 view .LVU10
  80 0008 0B40     		ands	r3, r1	@ tmp_19, _1
  81              	.LVL2:
  82              	@ ./src/system_stm32f0xx.c:185:   switch (tmp)
  83              		.loc 1 185 3 view .LVU11
  84 000a 082B     		cmp	r3, #8	@ tmp_19,
  85 000c 0AD0     		beq	.L7		@,
  86 000e 1248     		ldr	r0, .L8+4	@ _8,
  87              	.LVL3:
  88              	.L4:
 186:./src/system_stm32f0xx.c ****   {
 187:./src/system_stm32f0xx.c ****     case RCC_CFGR_SWS_HSI:  /* HSI used as system clock */
 188:./src/system_stm32f0xx.c ****       SystemCoreClock = HSI_VALUE;
 189:./src/system_stm32f0xx.c ****       break;
 190:./src/system_stm32f0xx.c ****     case RCC_CFGR_SWS_HSE:  /* HSE used as system clock */
 191:./src/system_stm32f0xx.c ****       SystemCoreClock = HSE_VALUE;
 192:./src/system_stm32f0xx.c ****       break;
 193:./src/system_stm32f0xx.c ****     case RCC_CFGR_SWS_PLL:  /* PLL used as system clock */
 194:./src/system_stm32f0xx.c ****       /* Get PLL clock source and multiplication factor ----------------------*/
 195:./src/system_stm32f0xx.c ****       pllmull = RCC->CFGR & RCC_CFGR_PLLMUL;
 196:./src/system_stm32f0xx.c ****       pllsource = RCC->CFGR & RCC_CFGR_PLLSRC;
 197:./src/system_stm32f0xx.c ****       pllmull = ( pllmull >> 18) + 2;
 198:./src/system_stm32f0xx.c ****       predivfactor = (RCC->CFGR2 & RCC_CFGR2_PREDIV) + 1;
ARM GAS  C:\Users\MR20AF~1.SMI\AppData\Local\Temp\cc85OYth.s 			page 6


 199:./src/system_stm32f0xx.c **** 
 200:./src/system_stm32f0xx.c ****       if (pllsource == RCC_CFGR_PLLSRC_HSE_PREDIV)
 201:./src/system_stm32f0xx.c ****       {
 202:./src/system_stm32f0xx.c ****         /* HSE used as PLL clock source : SystemCoreClock = HSE/PREDIV * PLLMUL */
 203:./src/system_stm32f0xx.c ****         SystemCoreClock = (HSE_VALUE/predivfactor) * pllmull;
 204:./src/system_stm32f0xx.c ****       }
 205:./src/system_stm32f0xx.c **** #if defined(STM32F042x6) || defined(STM32F048xx) || defined(STM32F071xB) || defined(STM32F072xB) ||
 206:./src/system_stm32f0xx.c ****       else if (pllsource == RCC_CFGR_PLLSRC_HSI48_PREDIV)
 207:./src/system_stm32f0xx.c ****       {
 208:./src/system_stm32f0xx.c ****         /* HSI48 used as PLL clock source : SystemCoreClock = HSI48/PREDIV * PLLMUL */
 209:./src/system_stm32f0xx.c ****         SystemCoreClock = (HSI48_VALUE/predivfactor) * pllmull;
 210:./src/system_stm32f0xx.c ****       }
 211:./src/system_stm32f0xx.c **** #endif /* STM32F042x6 || STM32F048xx || STM32F071xB || STM32F072xB || STM32F078xx || STM32F091xC ||
 212:./src/system_stm32f0xx.c ****       else
 213:./src/system_stm32f0xx.c ****       {
 214:./src/system_stm32f0xx.c **** #if defined(STM32F042x6) || defined(STM32F048xx)  || defined(STM32F070x6) \
 215:./src/system_stm32f0xx.c ****  || defined(STM32F078xx) || defined(STM32F071xB)  || defined(STM32F072xB) \
 216:./src/system_stm32f0xx.c ****  || defined(STM32F070xB) || defined(STM32F091xC) || defined(STM32F098xx)  || defined(STM32F030xC)
 217:./src/system_stm32f0xx.c ****         /* HSI used as PLL clock source : SystemCoreClock = HSI/PREDIV * PLLMUL */
 218:./src/system_stm32f0xx.c ****         SystemCoreClock = (HSI_VALUE/predivfactor) * pllmull;
 219:./src/system_stm32f0xx.c **** #else
 220:./src/system_stm32f0xx.c ****         /* HSI used as PLL clock source : SystemCoreClock = HSI/2 * PLLMUL */
 221:./src/system_stm32f0xx.c ****         SystemCoreClock = (HSI_VALUE >> 1) * pllmull;
 222:./src/system_stm32f0xx.c **** #endif /* STM32F042x6 || STM32F048xx || STM32F070x6 || 
 223:./src/system_stm32f0xx.c ****           STM32F071xB || STM32F072xB || STM32F078xx || STM32F070xB ||
 224:./src/system_stm32f0xx.c ****           STM32F091xC || STM32F098xx || STM32F030xC */
 225:./src/system_stm32f0xx.c **** 	  }
 226:./src/system_stm32f0xx.c ****       break;
 227:./src/system_stm32f0xx.c ****     default: /* HSI used as system clock */
 228:./src/system_stm32f0xx.c ****       SystemCoreClock = HSI_VALUE;
 229:./src/system_stm32f0xx.c ****       break;
 230:./src/system_stm32f0xx.c ****   }
 231:./src/system_stm32f0xx.c ****   /* Compute HCLK clock frequency ----------------*/
 232:./src/system_stm32f0xx.c ****   /* Get HCLK prescaler */
 233:./src/system_stm32f0xx.c ****   tmp = AHBPrescTable[((RCC->CFGR & RCC_CFGR_HPRE) >> 4)];
  89              		.loc 1 233 3 is_stmt 1 view .LVU12
  90              	@ ./src/system_stm32f0xx.c:233:   tmp = AHBPrescTable[((RCC->CFGR & RCC_CFGR_HPRE) >> 4)];
  91              		.loc 1 233 28 is_stmt 0 view .LVU13
  92 0010 104B     		ldr	r3, .L8	@ tmp163,
  93              	@ ./src/system_stm32f0xx.c:233:   tmp = AHBPrescTable[((RCC->CFGR & RCC_CFGR_HPRE) >> 4)];
  94              		.loc 1 233 22 view .LVU14
  95 0012 124A     		ldr	r2, .L8+8	@ tmp165,
  96              	@ ./src/system_stm32f0xx.c:233:   tmp = AHBPrescTable[((RCC->CFGR & RCC_CFGR_HPRE) >> 4)];
  97              		.loc 1 233 28 view .LVU15
  98 0014 5B68     		ldr	r3, [r3, #4]	@ _10, MEM[(struct RCC_TypeDef *)1073876992B].CFGR
  99              	.LVL4:
 234:./src/system_stm32f0xx.c ****   /* HCLK clock frequency */
 235:./src/system_stm32f0xx.c ****   SystemCoreClock >>= tmp;
 100              		.loc 1 235 3 is_stmt 1 view .LVU16
 101              	@ ./src/system_stm32f0xx.c:235:   SystemCoreClock >>= tmp;
 102              		.loc 1 235 19 is_stmt 0 view .LVU17
 103 0016 1249     		ldr	r1, .L8+12	@ tmp164,
 104              	@ ./src/system_stm32f0xx.c:233:   tmp = AHBPrescTable[((RCC->CFGR & RCC_CFGR_HPRE) >> 4)];
 233:./src/system_stm32f0xx.c ****   /* HCLK clock frequency */
 105              		.loc 1 233 52 view .LVU18
 106 0018 1B06     		lsls	r3, r3, #24	@ tmp167, _10,
 107              	.LVL5:
ARM GAS  C:\Users\MR20AF~1.SMI\AppData\Local\Temp\cc85OYth.s 			page 7


 233:./src/system_stm32f0xx.c ****   /* HCLK clock frequency */
 108              		.loc 1 233 52 view .LVU19
 109 001a 1B0F     		lsrs	r3, r3, #28	@ _12, tmp167,
 110              	@ ./src/system_stm32f0xx.c:233:   tmp = AHBPrescTable[((RCC->CFGR & RCC_CFGR_HPRE) >> 4)];
 233:./src/system_stm32f0xx.c ****   /* HCLK clock frequency */
 111              		.loc 1 233 7 view .LVU20
 112 001c D35C     		ldrb	r3, [r2, r3]	@ tmp_28, AHBPrescTable
 113              	@ ./src/system_stm32f0xx.c:236: }
 236:./src/system_stm32f0xx.c **** }
 114              		.loc 1 236 1 view .LVU21
 115              		@ sp needed	@
 116              	@ ./src/system_stm32f0xx.c:235:   SystemCoreClock >>= tmp;
 235:./src/system_stm32f0xx.c **** }
 117              		.loc 1 235 19 view .LVU22
 118 001e D840     		lsrs	r0, r0, r3	@ _15, _8, tmp_28
 119 0020 0860     		str	r0, [r1]	@ _15, SystemCoreClock
 120              	@ ./src/system_stm32f0xx.c:236: }
 121              		.loc 1 236 1 view .LVU23
 122 0022 10BD     		pop	{r4, pc}
 123              	.LVL6:
 124              	.L7:
 195:./src/system_stm32f0xx.c ****       pllsource = RCC->CFGR & RCC_CFGR_PLLSRC;
 125              		.loc 1 195 7 is_stmt 1 view .LVU24
 126              	@ ./src/system_stm32f0xx.c:197:       pllmull = ( pllmull >> 18) + 2;
 197:./src/system_stm32f0xx.c ****       predivfactor = (RCC->CFGR2 & RCC_CFGR2_PREDIV) + 1;
 127              		.loc 1 197 27 is_stmt 0 view .LVU25
 128 0024 0F21     		movs	r1, #15	@ tmp139,
 129              	@ ./src/system_stm32f0xx.c:195:       pllmull = RCC->CFGR & RCC_CFGR_PLLMUL;
 195:./src/system_stm32f0xx.c ****       pllsource = RCC->CFGR & RCC_CFGR_PLLSRC;
 130              		.loc 1 195 20 view .LVU26
 131 0026 5068     		ldr	r0, [r2, #4]	@ _2, MEM[(struct RCC_TypeDef *)1073876992B].CFGR
 132              	.LVL7:
 196:./src/system_stm32f0xx.c ****       pllmull = ( pllmull >> 18) + 2;
 133              		.loc 1 196 7 is_stmt 1 view .LVU27
 134              	@ ./src/system_stm32f0xx.c:196:       pllsource = RCC->CFGR & RCC_CFGR_PLLSRC;
 196:./src/system_stm32f0xx.c ****       pllmull = ( pllmull >> 18) + 2;
 135              		.loc 1 196 22 is_stmt 0 view .LVU28
 136 0028 5368     		ldr	r3, [r2, #4]	@ _3, MEM[(struct RCC_TypeDef *)1073876992B].CFGR
 137              	.LVL8:
 197:./src/system_stm32f0xx.c ****       predivfactor = (RCC->CFGR2 & RCC_CFGR2_PREDIV) + 1;
 138              		.loc 1 197 7 is_stmt 1 view .LVU29
 139              	@ ./src/system_stm32f0xx.c:197:       pllmull = ( pllmull >> 18) + 2;
 197:./src/system_stm32f0xx.c ****       predivfactor = (RCC->CFGR2 & RCC_CFGR2_PREDIV) + 1;
 140              		.loc 1 197 27 is_stmt 0 view .LVU30
 141 002a 800C     		lsrs	r0, r0, #18	@ _17, _2,
 142              	.LVL9:
 197:./src/system_stm32f0xx.c ****       predivfactor = (RCC->CFGR2 & RCC_CFGR2_PREDIV) + 1;
 143              		.loc 1 197 27 view .LVU31
 144 002c 0840     		ands	r0, r1	@ _4, tmp139
 145              	@ ./src/system_stm32f0xx.c:198:       predivfactor = (RCC->CFGR2 & RCC_CFGR2_PREDIV) + 1;
 198:./src/system_stm32f0xx.c **** 
 146              		.loc 1 198 26 view .LVU32
 147 002e D26A     		ldr	r2, [r2, #44]	@ _5, MEM[(struct RCC_TypeDef *)1073876992B].CFGR2
 148              	@ ./src/system_stm32f0xx.c:197:       pllmull = ( pllmull >> 18) + 2;
 197:./src/system_stm32f0xx.c ****       predivfactor = (RCC->CFGR2 & RCC_CFGR2_PREDIV) + 1;
 149              		.loc 1 197 15 view .LVU33
 150 0030 841C     		adds	r4, r0, #2	@ pllmull, _4,
ARM GAS  C:\Users\MR20AF~1.SMI\AppData\Local\Temp\cc85OYth.s 			page 8


 151              	.LVL10:
 198:./src/system_stm32f0xx.c **** 
 152              		.loc 1 198 7 is_stmt 1 view .LVU34
 200:./src/system_stm32f0xx.c ****       {
 153              		.loc 1 200 7 view .LVU35
 154              	@ ./src/system_stm32f0xx.c:200:       if (pllsource == RCC_CFGR_PLLSRC_HSE_PREDIV)
 200:./src/system_stm32f0xx.c ****       {
 155              		.loc 1 200 10 is_stmt 0 view .LVU36
 156 0032 DB03     		lsls	r3, r3, #15	@ tmp172, _3,
 157 0034 06D5     		bpl	.L5		@,
 158              	.LVL11:
 203:./src/system_stm32f0xx.c ****       }
 159              		.loc 1 203 9 is_stmt 1 view .LVU37
 160              	@ ./src/system_stm32f0xx.c:198:       predivfactor = (RCC->CFGR2 & RCC_CFGR2_PREDIV) + 1;
 198:./src/system_stm32f0xx.c **** 
 161              		.loc 1 198 34 is_stmt 0 view .LVU38
 162 0036 1140     		ands	r1, r2	@ _6, _5
 163              	.LVL12:
 164              	@ ./src/system_stm32f0xx.c:203:         SystemCoreClock = (HSE_VALUE/predivfactor) * pllmull;
 203:./src/system_stm32f0xx.c ****       }
 165              		.loc 1 203 37 view .LVU39
 166 0038 0748     		ldr	r0, .L8+4	@,
 167              	@ ./src/system_stm32f0xx.c:198:       predivfactor = (RCC->CFGR2 & RCC_CFGR2_PREDIV) + 1;
 198:./src/system_stm32f0xx.c **** 
 168              		.loc 1 198 20 view .LVU40
 169 003a 0131     		adds	r1, r1, #1	@ predivfactor_22,
 170              	.LVL13:
 171              	@ ./src/system_stm32f0xx.c:203:         SystemCoreClock = (HSE_VALUE/predivfactor) * pllmull;
 203:./src/system_stm32f0xx.c ****       }
 172              		.loc 1 203 37 view .LVU41
 173 003c FFF7FEFF 		bl	__aeabi_uidiv		@
 174              	.LVL14:
 175              	@ ./src/system_stm32f0xx.c:203:         SystemCoreClock = (HSE_VALUE/predivfactor) * pllmull;
 203:./src/system_stm32f0xx.c ****       }
 176              		.loc 1 203 52 view .LVU42
 177 0040 6043     		muls	r0, r4	@ _8, pllmull
 178 0042 E5E7     		b	.L4		@
 179              	.LVL15:
 180              	.L5:
 221:./src/system_stm32f0xx.c **** #endif /* STM32F042x6 || STM32F048xx || STM32F070x6 || 
 181              		.loc 1 221 9 is_stmt 1 view .LVU43
 182              	@ ./src/system_stm32f0xx.c:221:         SystemCoreClock = (HSI_VALUE >> 1) * pllmull;
 221:./src/system_stm32f0xx.c **** #endif /* STM32F042x6 || STM32F048xx || STM32F070x6 || 
 183              		.loc 1 221 44 is_stmt 0 view .LVU44
 184 0044 6201     		lsls	r2, r4, #5	@ tmp156, pllmull,
 185              	.LVL16:
 221:./src/system_stm32f0xx.c **** #endif /* STM32F042x6 || STM32F048xx || STM32F070x6 || 
 186              		.loc 1 221 44 view .LVU45
 187 0046 121B     		subs	r2, r2, r4	@ tmp157, tmp156, pllmull
 188 0048 9301     		lsls	r3, r2, #6	@ tmp158, tmp157,
 189 004a 9B1A     		subs	r3, r3, r2	@ tmp159, tmp158, tmp157
 190 004c DB00     		lsls	r3, r3, #3	@ tmp160, tmp159,
 191 004e 1B19     		adds	r3, r3, r4	@ _9, tmp160, pllmull
 192 0050 1802     		lsls	r0, r3, #8	@ _8, _9,
 193 0052 DDE7     		b	.L4		@
 194              	.L9:
 195              		.align	2
ARM GAS  C:\Users\MR20AF~1.SMI\AppData\Local\Temp\cc85OYth.s 			page 9


 196              	.L8:
 197 0054 00100240 		.word	1073876992
 198 0058 00127A00 		.word	8000000
 199 005c 00000000 		.word	AHBPrescTable
 200 0060 00000000 		.word	SystemCoreClock
 201              		.cfi_endproc
 202              	.LFE43:
 204              		.global	APBPrescTable
 205              		.section	.rodata.APBPrescTable,"a"
 206              		.align	2
 209              	APBPrescTable:
 210 0000 00000000 		.ascii	"\000\000\000\000\001\002\003\004"
 210      01020304 
 211              		.global	AHBPrescTable
 212              		.section	.rodata.AHBPrescTable,"a"
 213              		.align	2
 216              	AHBPrescTable:
 217 0000 00000000 		.ascii	"\000\000\000\000\000\000\000\000\001\002\003\004\006"
 217      00000000 
 217      01020304 
 217      06
 218 000d 070809   		.ascii	"\007\010\011"
 219              		.global	SystemCoreClock
 220              		.section	.data.SystemCoreClock,"aw"
 221              		.align	2
 224              	SystemCoreClock:
 225 0000 00127A00 		.word	8000000
 226              		.text
 227              	.Letext0:
 228              		.file 2 "C:/Users/mr.smith/scoop/apps/gcc-arm-none-eabi/14.2.rel1/arm-none-eabi/include/machine/_d
 229              		.file 3 "C:/Users/mr.smith/scoop/apps/gcc-arm-none-eabi/14.2.rel1/arm-none-eabi/include/sys/_stdin
 230              		.file 4 "./inc/system_stm32f0xx.h"
 231              		.file 5 "./inc/stm32f030x6.h"
ARM GAS  C:\Users\MR20AF~1.SMI\AppData\Local\Temp\cc85OYth.s 			page 10


DEFINED SYMBOLS
                            *ABS*:00000000 system_stm32f0xx.c
C:\Users\MR20AF~1.SMI\AppData\Local\Temp\cc85OYth.s:24     .text.SystemInit:00000000 $t
C:\Users\MR20AF~1.SMI\AppData\Local\Temp\cc85OYth.s:31     .text.SystemInit:00000000 SystemInit
C:\Users\MR20AF~1.SMI\AppData\Local\Temp\cc85OYth.s:45     .text.SystemCoreClockUpdate:00000000 $t
C:\Users\MR20AF~1.SMI\AppData\Local\Temp\cc85OYth.s:52     .text.SystemCoreClockUpdate:00000000 SystemCoreClockUpdate
C:\Users\MR20AF~1.SMI\AppData\Local\Temp\cc85OYth.s:197    .text.SystemCoreClockUpdate:00000054 $d
C:\Users\MR20AF~1.SMI\AppData\Local\Temp\cc85OYth.s:216    .rodata.AHBPrescTable:00000000 AHBPrescTable
C:\Users\MR20AF~1.SMI\AppData\Local\Temp\cc85OYth.s:224    .data.SystemCoreClock:00000000 SystemCoreClock
C:\Users\MR20AF~1.SMI\AppData\Local\Temp\cc85OYth.s:209    .rodata.APBPrescTable:00000000 APBPrescTable
C:\Users\MR20AF~1.SMI\AppData\Local\Temp\cc85OYth.s:206    .rodata.APBPrescTable:00000000 $d
C:\Users\MR20AF~1.SMI\AppData\Local\Temp\cc85OYth.s:213    .rodata.AHBPrescTable:00000000 $d
C:\Users\MR20AF~1.SMI\AppData\Local\Temp\cc85OYth.s:221    .data.SystemCoreClock:00000000 $d
                           .group:00000000 wm4.0.768e9d312318936ac6fb44bbc2c0266e
                           .group:00000000 wm4.stm32f0xx.h.37.6307177cb54716db454a1ea3124fc4a6
                           .group:00000000 wm4.stm32f030x6.h.35.5e0c0eb70de0e6be61a98e42026756d1
                           .group:00000000 wm4._newlib_version.h.4.411db44ea2338a62eca2f0777f81481b
                           .group:00000000 wm4.features.h.33.d554620bb17bd3b714c3fb5c268772bc
                           .group:00000000 wm4._default_types.h.15.247e5cd201eca3442cbf5404108c4935
                           .group:00000000 wm4._intsup.h.10.48bafbb683905c4daa4565a85aeeb264
                           .group:00000000 wm4._stdint.h.10.c24fa3af3bc1706662bb5593a907e841
                           .group:00000000 wm4.stdint.h.23.d53047a68f4a85177f80b422d52785ed
                           .group:00000000 wm4.cmsis_version.h.32.0ac195c83bb4537824e6ad1c47474b79
                           .group:00000000 wm4.core_cm0.h.66.608acc5992a3a56ab454582ca0035b64
                           .group:00000000 wm4.cmsis_gcc.h.26.a3b89b5e9a2415e707ee83167896964a
                           .group:00000000 wm4.core_cm0.h.132.e003f6d5680cd66ad439e55128780d12
                           .group:00000000 wm4.stm32f030x6.h.426.954ed8635014676bba7a32b1b9921ff0
                           .group:00000000 wm4.stm32f0xx.h.178.0b97be9e1243776e4190c0de8edaa4d0

UNDEFINED SYMBOLS
__aeabi_uidiv
