
Discarded input sections

 .text          0x00000000        0x0 C:\Users\mr.smith\AppData\Local\Temp\cc0VcP6G.o
 .data          0x00000000        0x0 C:\Users\mr.smith\AppData\Local\Temp\cc0VcP6G.o
 .bss           0x00000000        0x0 C:\Users\mr.smith\AppData\Local\Temp\cc0VcP6G.o

Memory Configuration

Name             Origin             Length             Attributes
FLASH            0x08000000         0x00020000         xr
RAM              0x20000000         0x00004000         xrw
*default*        0x00000000         0xffffffff

Linker script and memory map

                0x20004000                        _estack = 0x20004000
                0x00000200                        _Min_Heap_Size = 0x200
                0x00000400                        _Min_Stack_Size = 0x400

.isr_vector     0x08000000       0x44
                0x08000000                        . = ALIGN (0x4)
 *(.isr_vector)
 .isr_vector    0x08000000       0x44 C:\Users\mr.smith\AppData\Local\Temp\cc0VcP6G.o
                0x08000000                g_pfnVectors
                0x08000044                        . = ALIGN (0x4)

.text           0x08000044       0x7c
                0x08000044                        . = ALIGN (0x4)
 *(.text)
 *(.text*)
 .text.Default_Handler
                0x08000044        0x4 C:\Users\mr.smith\AppData\Local\Temp\cc0VcP6G.o
                0x08000044                Default_Handler
 .text.Reset_Handler
                0x08000048        0x8 C:\Users\mr.smith\AppData\Local\Temp\cc0VcP6G.o
                0x08000048                Reset_Handler
 .text.startup.main
                0x08000050       0x70 C:\Users\mr.smith\AppData\Local\Temp\cc0VcP6G.o
                0x08000050                main
 *(.glue_7)
 .glue_7        0x080000c0        0x0 linker stubs
 *(.glue_7t)
 .glue_7t       0x080000c0        0x0 linker stubs
 *(.eh_frame)
 *(.init)
 *(.fini)
                0x080000c0                        . = ALIGN (0x4)
                0x080000c0                        _etext = .

.vfp11_veneer   0x080000c0        0x0
 .vfp11_veneer  0x080000c0        0x0 linker stubs

.v4_bx          0x080000c0        0x0
 .v4_bx         0x080000c0        0x0 linker stubs

.iplt           0x080000c0        0x0
 .iplt          0x080000c0        0x0 C:\Users\mr.smith\AppData\Local\Temp\cc0VcP6G.o

.rel.dyn        0x080000c0        0x0
 .rel.iplt      0x080000c0        0x0 C:\Users\mr.smith\AppData\Local\Temp\cc0VcP6G.o

.rodata         0x080000c0        0x0
                0x080000c0                        . = ALIGN (0x4)
 *(.rodata)
 *(.rodata*)
                0x080000c0                        . = ALIGN (0x4)

.ARM.extab
 *(.ARM.extab* .gnu.linkonce.armextab.*)

.ARM            0x080000c0        0x0
                0x080000c0                        __exidx_start = .
 *(.ARM.exidx*)
                0x080000c0                        __exidx_end = .

.preinit_array  0x080000c0        0x0
                [!provide]                        PROVIDE (__preinit_array_start = .)
 *(.preinit_array*)
                [!provide]                        PROVIDE (__preinit_array_end = .)

.init_array     0x080000c0        0x0
                [!provide]                        PROVIDE (__init_array_start = .)
 *(SORT_BY_NAME(.init_array.*))
 *(.init_array*)
                [!provide]                        PROVIDE (__init_array_end = .)

.fini_array     0x080000c0        0x0
                [!provide]                        PROVIDE (__fini_array_start = .)
 *(SORT_BY_NAME(.fini_array.*))
 *(.fini_array*)
                [!provide]                        PROVIDE (__fini_array_end = .)
                0x080000c0                        _sidata = LOADADDR (.data)

.data           0x20000000        0x0 load address 0x080000c0
                0x20000000                        . = ALIGN (0x4)
                0x20000000                        _sdata = .
 *(.data)
 *(.data*)
                0x20000000                        . = ALIGN (0x4)
                0x20000000                        _edata = .

.igot.plt       0x20000000        0x0 load address 0x080000c0
 .igot.plt      0x20000000        0x0 C:\Users\mr.smith\AppData\Local\Temp\cc0VcP6G.o
                0x20000000                        . = ALIGN (0x4)

.bss            0x20000000        0x0 load address 0x080000c0
                0x20000000                        _sbss = .
                0x20000000                        __bss_start__ = _sbss
 *(.bss)
 *(.bss*)
 *(COMMON)
                0x20000000                        . = ALIGN (0x4)
                0x20000000                        _ebss = .
                0x20000000                        __bss_end__ = _ebss

._user_heap_stack
                0x20000000      0x600 load address 0x080000c0
                0x20000000                        . = ALIGN (0x8)
                [!provide]                        PROVIDE (end = .)
                [!provide]                        PROVIDE (_end = .)
                0x20000200                        . = (. + _Min_Heap_Size)
 *fill*         0x20000000      0x200 
                0x20000600                        . = (. + _Min_Stack_Size)
 *fill*         0x20000200      0x400 
                0x20000600                        . = ALIGN (0x8)

/DISCARD/
 libc.a(*)
 libm.a(*)
 libgcc.a(*)

.ARM.attributes
                0x00000000       0x2d
 *(.ARM.attributes)
 .ARM.attributes
                0x00000000       0x2d C:\Users\mr.smith\AppData\Local\Temp\cc0VcP6G.o
LOAD C:\Users\mr.smith\AppData\Local\Temp\cc0VcP6G.o
OUTPUT(test_minimal.elf elf32-littlearm)
LOAD linker stubs
LOAD C:/Users/mr.smith/scoop/apps/gcc-arm-none-eabi/15.2.rel1/bin/../lib/gcc/arm-none-eabi/15.2.1/../../../../arm-none-eabi/lib/thumb/v7-m/nofp\libc.a
LOAD C:/Users/mr.smith/scoop/apps/gcc-arm-none-eabi/15.2.rel1/bin/../lib/gcc/arm-none-eabi/15.2.1/../../../../arm-none-eabi/lib/thumb/v7-m/nofp\libm.a
LOAD C:/Users/mr.smith/scoop/apps/gcc-arm-none-eabi/15.2.rel1/bin/../lib/gcc/arm-none-eabi/15.2.1/thumb/v7-m/nofp\libgcc.a

.comment        0x00000000       0x45
 .comment       0x00000000       0x45 C:\Users\mr.smith\AppData\Local\Temp\cc0VcP6G.o
                                 0x46 (size before relaxing)
